Archive member included to satisfy reference by file (symbol)

/opt/st/stm32cubeide_1.8.0/plugins/com.st.stm32cube.ide.mcu.externaltools.gnu-tools-for-stm32.9-2020-q2-update.linux64_2.0.0.202105311346/tools/bin/../lib/gcc/arm-none-eabi/9.3.1/../../../../arm-none-eabi/lib/thumb/v7e-m+fp/hard/libstdc++_nano.a(del_ops.o)
                              ./Core/Src/barelangMain.o (operator delete(void*, unsigned int))
/opt/st/stm32cubeide_1.8.0/plugins/com.st.stm32cube.ide.mcu.externaltools.gnu-tools-for-stm32.9-2020-q2-update.linux64_2.0.0.202105311346/tools/bin/../lib/gcc/arm-none-eabi/9.3.1/../../../../arm-none-eabi/lib/thumb/v7e-m+fp/hard/libstdc++_nano.a(new_op.o)
                              ./Core/Src/barelangMain.o (operator new(unsigned int))
/opt/st/stm32cubeide_1.8.0/plugins/com.st.stm32cube.ide.mcu.externaltools.gnu-tools-for-stm32.9-2020-q2-update.linux64_2.0.0.202105311346/tools/bin/../lib/gcc/arm-none-eabi/9.3.1/../../../../arm-none-eabi/lib/thumb/v7e-m+fp/hard/libstdc++_nano.a(del_op.o)
                              /opt/st/stm32cubeide_1.8.0/plugins/com.st.stm32cube.ide.mcu.externaltools.gnu-tools-for-stm32.9-2020-q2-update.linux64_2.0.0.202105311346/tools/bin/../lib/gcc/arm-none-eabi/9.3.1/../../../../arm-none-eabi/lib/thumb/v7e-m+fp/hard/libstdc++_nano.a(del_ops.o) (operator delete(void*))
/opt/st/stm32cubeide_1.8.0/plugins/com.st.stm32cube.ide.mcu.externaltools.gnu-tools-for-stm32.9-2020-q2-update.linux64_2.0.0.202105311346/tools/bin/../lib/gcc/arm-none-eabi/9.3.1/../../../../arm-none-eabi/lib/thumb/v7e-m+fp/hard/libstdc++_nano.a(new_handler.o)
                              /opt/st/stm32cubeide_1.8.0/plugins/com.st.stm32cube.ide.mcu.externaltools.gnu-tools-for-stm32.9-2020-q2-update.linux64_2.0.0.202105311346/tools/bin/../lib/gcc/arm-none-eabi/9.3.1/../../../../arm-none-eabi/lib/thumb/v7e-m+fp/hard/libstdc++_nano.a(new_op.o) (std::get_new_handler())
/opt/st/stm32cubeide_1.8.0/plugins/com.st.stm32cube.ide.mcu.externaltools.gnu-tools-for-stm32.9-2020-q2-update.linux64_2.0.0.202105311346/tools/bin/../lib/gcc/arm-none-eabi/9.3.1/../../../../arm-none-eabi/lib/thumb/v7e-m+fp/hard/libc_nano.a(lib_a-abort.o)
                              /opt/st/stm32cubeide_1.8.0/plugins/com.st.stm32cube.ide.mcu.externaltools.gnu-tools-for-stm32.9-2020-q2-update.linux64_2.0.0.202105311346/tools/bin/../lib/gcc/arm-none-eabi/9.3.1/../../../../arm-none-eabi/lib/thumb/v7e-m+fp/hard/libstdc++_nano.a(new_op.o) (abort)
/opt/st/stm32cubeide_1.8.0/plugins/com.st.stm32cube.ide.mcu.externaltools.gnu-tools-for-stm32.9-2020-q2-update.linux64_2.0.0.202105311346/tools/bin/../lib/gcc/arm-none-eabi/9.3.1/../../../../arm-none-eabi/lib/thumb/v7e-m+fp/hard/libc_nano.a(lib_a-errno.o)
                              ./Core/Src/syscalls.o (__errno)
/opt/st/stm32cubeide_1.8.0/plugins/com.st.stm32cube.ide.mcu.externaltools.gnu-tools-for-stm32.9-2020-q2-update.linux64_2.0.0.202105311346/tools/bin/../lib/gcc/arm-none-eabi/9.3.1/../../../../arm-none-eabi/lib/thumb/v7e-m+fp/hard/libc_nano.a(lib_a-exit.o)
                              /opt/st/stm32cubeide_1.8.0/plugins/com.st.stm32cube.ide.mcu.externaltools.gnu-tools-for-stm32.9-2020-q2-update.linux64_2.0.0.202105311346/tools/bin/../lib/gcc/arm-none-eabi/9.3.1/../../../../arm-none-eabi/lib/thumb/v7e-m+fp/hard/crt0.o (exit)
/opt/st/stm32cubeide_1.8.0/plugins/com.st.stm32cube.ide.mcu.externaltools.gnu-tools-for-stm32.9-2020-q2-update.linux64_2.0.0.202105311346/tools/bin/../lib/gcc/arm-none-eabi/9.3.1/../../../../arm-none-eabi/lib/thumb/v7e-m+fp/hard/libc_nano.a(lib_a-impure.o)
                              /opt/st/stm32cubeide_1.8.0/plugins/com.st.stm32cube.ide.mcu.externaltools.gnu-tools-for-stm32.9-2020-q2-update.linux64_2.0.0.202105311346/tools/bin/../lib/gcc/arm-none-eabi/9.3.1/../../../../arm-none-eabi/lib/thumb/v7e-m+fp/hard/libc_nano.a(lib_a-exit.o) (_global_impure_ptr)
/opt/st/stm32cubeide_1.8.0/plugins/com.st.stm32cube.ide.mcu.externaltools.gnu-tools-for-stm32.9-2020-q2-update.linux64_2.0.0.202105311346/tools/bin/../lib/gcc/arm-none-eabi/9.3.1/../../../../arm-none-eabi/lib/thumb/v7e-m+fp/hard/libc_nano.a(lib_a-init.o)
                              /opt/st/stm32cubeide_1.8.0/plugins/com.st.stm32cube.ide.mcu.externaltools.gnu-tools-for-stm32.9-2020-q2-update.linux64_2.0.0.202105311346/tools/bin/../lib/gcc/arm-none-eabi/9.3.1/../../../../arm-none-eabi/lib/thumb/v7e-m+fp/hard/crt0.o (__libc_init_array)
/opt/st/stm32cubeide_1.8.0/plugins/com.st.stm32cube.ide.mcu.externaltools.gnu-tools-for-stm32.9-2020-q2-update.linux64_2.0.0.202105311346/tools/bin/../lib/gcc/arm-none-eabi/9.3.1/../../../../arm-none-eabi/lib/thumb/v7e-m+fp/hard/libc_nano.a(lib_a-malloc.o)
                              /opt/st/stm32cubeide_1.8.0/plugins/com.st.stm32cube.ide.mcu.externaltools.gnu-tools-for-stm32.9-2020-q2-update.linux64_2.0.0.202105311346/tools/bin/../lib/gcc/arm-none-eabi/9.3.1/../../../../arm-none-eabi/lib/thumb/v7e-m+fp/hard/libstdc++_nano.a(new_op.o) (malloc)
[...]
Memory Configuration

Name             Origin             Length             Attributes
CCMRAM           0x0000000010000000 0x0000000000010000 xrw
RAM              0x0000000020000000 0x0000000000020000 xrw
FLASH            0x0000000008000000 0x0000000000100000 xr
*default*        0x0000000000000000 0xffffffffffffffff

Linker script and memory map

LOAD /opt/st/stm32cubeide_1.8.0/plugins/com.st.stm32cube.ide.mcu.externaltools.gnu-tools-for-stm32.9-2020-q2-update.linux64_2.0.0.202105311346/tools/bin/../lib/gcc/arm-none-eabi/9.3.1/thumb/v7e-m+fp/hard/crti.o
LOAD /opt/st/stm32cubeide_1.8.0/plugins/com.st.stm32cube.ide.mcu.externaltools.gnu-tools-for-stm32.9-2020-q2-update.linux64_2.0.0.202105311346/tools/bin/../lib/gcc/arm-none-eabi/9.3.1/thumb/v7e-m+fp/hard/crtbegin.o
LOAD /opt/st/stm32cubeide_1.8.0/plugins/com.st.stm32cube.ide.mcu.externaltools.gnu-tools-for-stm32.9-2020-q2-update.linux64_2.0.0.202105311346/tools/bin/../lib/gcc/arm-none-eabi/9.3.1/../../../../arm-none-eabi/lib/thumb/v7e-m+fp/hard/crt0.o
LOAD ./Core/Src/barelangMain.o
LOAD ./Core/Src/barelangUDP.o
LOAD ./Core/Src/main.o
LOAD ./Core/Src/socket.o
LOAD ./Core/Src/stm32f4xx_hal_msp.o
LOAD ./Core/Src/stm32f4xx_it.o
LOAD ./Core/Src/syscalls.o
LOAD ./Core/Src/sysmem.o
LOAD ./Core/Src/system_stm32f4xx.o
LOAD ./Core/Src/w5500.o
LOAD ./Core/Src/wizchip_conf.o
LOAD ./Core/Startup/startup_stm32f407vgtx.o
LOAD ./Drivers/STM32F4xx_HAL_Driver/Src/stm32f4xx_hal.o
LOAD ./Drivers/STM32F4xx_HAL_Driver/Src/stm32f4xx_hal_adc.o
LOAD ./Drivers/STM32F4xx_HAL_Driver/Src/stm32f4xx_hal_adc_ex.o
LOAD ./Drivers/STM32F4xx_HAL_Driver/Src/stm32f4xx_hal_cortex.o
LOAD ./Drivers/STM32F4xx_HAL_Driver/Src/stm32f4xx_hal_dma.o
LOAD ./Drivers/STM32F4xx_HAL_Driver/Src/stm32f4xx_hal_dma_ex.o
LOAD ./Drivers/STM32F4xx_HAL_Driver/Src/stm32f4xx_hal_exti.o
LOAD ./Drivers/STM32F4xx_HAL_Driver/Src/stm32f4xx_hal_flash.o
LOAD ./Drivers/STM32F4xx_HAL_Driver/Src/stm32f4xx_hal_flash_ex.o
LOAD ./Drivers/STM32F4xx_HAL_Driver/Src/stm32f4xx_hal_flash_ramfunc.o
LOAD ./Drivers/STM32F4xx_HAL_Driver/Src/stm32f4xx_hal_gpio.o
LOAD ./Drivers/STM32F4xx_HAL_Driver/Src/stm32f4xx_hal_pwr.o
LOAD ./Drivers/STM32F4xx_HAL_Driver/Src/stm32f4xx_hal_pwr_ex.o
LOAD ./Drivers/STM32F4xx_HAL_Driver/Src/stm32f4xx_hal_rcc.o
LOAD ./Drivers/STM32F4xx_HAL_Driver/Src/stm32f4xx_hal_rcc_ex.o
LOAD ./Drivers/STM32F4xx_HAL_Driver/Src/stm32f4xx_hal_spi.o
LOAD ./Drivers/STM32F4xx_HAL_Driver/Src/stm32f4xx_hal_tim.o
LOAD ./Drivers/STM32F4xx_HAL_Driver/Src/stm32f4xx_hal_tim_ex.o
LOAD ./Drivers/STM32F4xx_HAL_Driver/Src/stm32f4xx_hal_uart.o
LOAD ./Drivers/STM32F4xx_HAL_Driver/Src/stm32f4xx_ll_adc.o
START GROUP
LOAD /opt/st/stm32cubeide_1.8.0/plugins/com.st.stm32cube.ide.mcu.externaltools.gnu-tools-for-stm32.9-2020-q2-update.linux64_2.0.0.202105311346/tools/bin/../lib/gcc/arm-none-eabi/9.3.1/../../../../arm-none-eabi/lib/thumb/v7e-m+fp/hard/libstdc++_nano.a
LOAD /opt/st/stm32cubeide_1.8.0/plugins/com.st.stm32cube.ide.mcu.externaltools.gnu-tools-for-stm32.9-2020-q2-update.linux64_2.0.0.202105311346/tools/bin/../lib/gcc/arm-none-eabi/9.3.1/../../../../arm-none-eabi/lib/thumb/v7e-m+fp/hard/libsupc++_nano.a
END GROUP
LOAD /opt/st/stm32cubeide_1.8.0/plugins/com.st.stm32cube.ide.mcu.externaltools.gnu-tools-for-stm32.9-2020-q2-update.linux64_2.0.0.202105311346/tools/bin/../lib/gcc/arm-none-eabi/9.3.1/../../../../arm-none-eabi/lib/thumb/v7e-m+fp/hard/libstdc++_nano.a
LOAD /opt/st/stm32cubeide_1.8.0/plugins/com.st.stm32cube.ide.mcu.externaltools.gnu-tools-for-stm32.9-2020-q2-update.linux64_2.0.0.202105311346/tools/bin/../lib/gcc/arm-none-eabi/9.3.1/../../../../arm-none-eabi/lib/thumb/v7e-m+fp/hard/libm.a
LOAD /opt/st/stm32cubeide_1.8.0/plugins/com.st.stm32cube.ide.mcu.externaltools.gnu-tools-for-stm32.9-2020-q2-update.linux64_2.0.0.202105311346/tools/bin/../lib/gcc/arm-none-eabi/9.3.1/../../../../arm-none-eabi/lib/thumb/v7e-m+fp/hard/libc_nano.a
START GROUP
LOAD /opt/st/stm32cubeide_1.8.0/plugins/com.st.stm32cube.ide.mcu.externaltools.gnu-tools-for-stm32.9-2020-q2-update.linux64_2.0.0.202105311346/tools/bin/../lib/gcc/arm-none-eabi/9.3.1/thumb/v7e-m+fp/hard/libgcc.a
LOAD /opt/st/stm32cubeide_1.8.0/plugins/com.st.stm32cube.ide.mcu.externaltools.gnu-tools-for-stm32.9-2020-q2-update.linux64_2.0.0.202105311346/tools/bin/../lib/gcc/arm-none-eabi/9.3.1/../../../../arm-none-eabi/lib/thumb/v7e-m+fp/hard/libc_nano.a
END GROUP
START GROUP
LOAD /opt/st/stm32cubeide_1.8.0/plugins/com.st.stm32cube.ide.mcu.externaltools.gnu-tools-for-stm32.9-2020-q2-update.linux64_2.0.0.202105311346/tools/bin/../lib/gcc/arm-none-eabi/9.3.1/thumb/v7e-m+fp/hard/libgcc.a
LOAD /opt/st/stm32cubeide_1.8.0/plugins/com.st.stm32cube.ide.mcu.externaltools.gnu-tools-for-stm32.9-2020-q2-update.linux64_2.0.0.202105311346/tools/bin/../lib/gcc/arm-none-eabi/9.3.1/../../../../arm-none-eabi/lib/thumb/v7e-m+fp/hard/libc_nano.a
LOAD /opt/st/stm32cubeide_1.8.0/plugins/com.st.stm32cube.ide.mcu.externaltools.gnu-tools-for-stm32.9-2020-q2-update.linux64_2.0.0.202105311346/tools/bin/../lib/gcc/arm-none-eabi/9.3.1/../../../../arm-none-eabi/lib/thumb/v7e-m+fp/hard/libnosys.a
END GROUP
START GROUP
LOAD /opt/st/stm32cubeide_1.8.0/plugins/com.st.stm32cube.ide.mcu.externaltools.gnu-tools-for-stm32.9-2020-q2-update.linux64_2.0.0.202105311346/tools/bin/../lib/gcc/arm-none-eabi/9.3.1/thumb/v7e-m+fp/hard/libgcc.a
LOAD /opt/st/stm32cubeide_1.8.0/plugins/com.st.stm32cube.ide.mcu.externaltools.gnu-tools-for-stm32.9-2020-q2-update.linux64_2.0.0.202105311346/tools/bin/../lib/gcc/arm-none-eabi/9.3.1/../../../../arm-none-eabi/lib/thumb/v7e-m+fp/hard/libc_nano.a
LOAD /opt/st/stm32cubeide_1.8.0/plugins/com.st.stm32cube.ide.mcu.externaltools.gnu-tools-for-stm32.9-2020-q2-update.linux64_2.0.0.202105311346/tools/bin/../lib/gcc/arm-none-eabi/9.3.1/../../../../arm-none-eabi/lib/thumb/v7e-m+fp/hard/libnosys.a
END GROUP
LOAD /opt/st/stm32cubeide_1.8.0/plugins/com.st.stm32cube.ide.mcu.externaltools.gnu-tools-for-stm32.9-2020-q2-update.linux64_2.0.0.202105311346/tools/bin/../lib/gcc/arm-none-eabi/9.3.1/thumb/v7e-m+fp/hard/crtend.o
LOAD /opt/st/stm32cubeide_1.8.0/plugins/com.st.stm32cube.ide.mcu.externaltools.gnu-tools-for-stm32.9-2020-q2-update.linux64_2.0.0.202105311346/tools/bin/../lib/gcc/arm-none-eabi/9.3.1/thumb/v7e-m+fp/hard/crtn.o
                0x0000000020020000                _estack = (ORIGIN (RAM) + LENGTH (RAM))
                0x0000000000000200                _Min_Heap_Size = 0x200
                0x0000000000000400                _Min_Stack_Size = 0x400

.isr_vector     0x0000000008000000      0x188
                0x0000000008000000                . = ALIGN (0x4)
 *(.isr_vector)
 .isr_vector    0x0000000008000000      0x188 ./Core/Startup/startup_stm32f407vgtx.o
                0x0000000008000000                g_pfnVectors
                0x0000000008000188                . = ALIGN (0x4)

.text           0x0000000008000188     0x57f8
                0x0000000008000188                . = ALIGN (0x4)
 *(.text)
 .text          0x0000000008000188       0x40 /opt/st/stm32cubeide_1.8.0/plugins/com.st.stm32cube.ide.mcu.externaltools.gnu-tools-for-stm32.9-2020-q2-update.linux64_2.0.0.202105311346/tools/bin/../lib/gcc/arm-none-eabi/9.3.1/thumb/v7e-m+fp/hard/crtbegin.o
 .text          0x00000000080001c8       0x30 /opt/st/stm32cubeide_1.8.0/plugins/com.st.stm32cube.ide.mcu.externaltools.gnu-tools-for-stm32.9-2020-q2-update.linux64_2.0.0.202105311346/tools/bin/../lib/gcc/arm-none-eabi/9.3.1/thumb/v7e-m+fp/hard/libgcc.a(_aeabi_uldivmod.o)
                0x00000000080001c8                __aeabi_uldivmod
 .text          0x00000000080001f8      0x2c4 /opt/st/stm32cubeide_1.8.0/plugins/com.st.stm32cube.ide.mcu.externaltools.gnu-tools-for-stm32.9-2020-q2-update.linux64_2.0.0.202105311346/tools/bin/../lib/gcc/arm-none-eabi/9.3.1/thumb/v7e-m+fp/hard/libgcc.a(_udivmoddi4.o)
                0x00000000080001f8                __udivmoddi4
 .text          0x00000000080004bc        0x4 /opt/st/stm32cubeide_1.8.0/plugins/com.st.stm32cube.ide.mcu.externaltools.gnu-tools-for-stm32.9-2020-q2-update.linux64_2.0.0.202105311346/tools/bin/../lib/gcc/arm-none-eabi/9.3.1/thumb/v7e-m+fp/hard/libgcc.a(_dvmd_tls.o)
                0x00000000080004bc                __aeabi_ldiv0
                0x00000000080004bc                __aeabi_idiv0
 *(.text*)
 .text._ZN12BarelangMainC2Ev
                0x00000000080004c0       0x26 ./Core/Src/barelangMain.o
                0x00000000080004c0                BarelangMain::BarelangMain()
                0x00000000080004c0                BarelangMain::BarelangMain()
 *fill*         0x00000000080004e6        0x2 
 .text._ZN12BarelangMain4LoopEv
                0x00000000080004e8       0x84 ./Core/Src/barelangMain.o
                0x00000000080004e8                BarelangMain::Loop()
 .text._ZN13BarelangW550012W5500_SelectEv
                0x000000000800056c       0x18 ./Core/Src/barelangUDP.o
                0x000000000800056c                BarelangW5500::W5500_Select()
 .text._ZN13BarelangW550014W5500_UnselectEv
                0x0000000008000584       0x18 ./Core/Src/barelangUDP.o
                0x0000000008000584                BarelangW5500::W5500_Unselect()
 .text._ZN13BarelangW550014W5500_ReadBuffEPht
                0x000000000800059c       0x28 ./Core/Src/barelangUDP.o
                0x000000000800059c                BarelangW5500::W5500_ReadBuff(unsigned char*, unsigned short)
 .text._ZN13BarelangW550015W5500_WriteBuffEPht
                0x00000000080005c4       0x28 ./Core/Src/barelangUDP.o
                0x00000000080005c4                BarelangW5500::W5500_WriteBuff(unsigned char*, unsigned short)
 .text._ZN13BarelangW550014W5500_ReadByteEv
                0x00000000080005ec       0x1a ./Core/Src/barelangUDP.o
                0x00000000080005ec                BarelangW5500::W5500_ReadByte()
 .text._ZN13BarelangW550015W5500_WriteByteEh
                0x0000000008000606       0x1c ./Core/Src/barelangUDP.o
                0x0000000008000606                BarelangW5500::W5500_WriteByte(unsigned char)
 *fill*         0x0000000008000622        0x2 
 .text._ZN13BarelangW5500C2Ev
                0x0000000008000624       0xf8 ./Core/Src/barelangUDP.o
                0x0000000008000624                BarelangW5500::BarelangW5500()
                0x0000000008000624                BarelangW5500::BarelangW5500()
 .text._ZN13BarelangW55004initEv
                0x000000000800071c       0x48 ./Core/Src/barelangUDP.o
                0x000000000800071c                BarelangW5500::init()
 .text._ZN13BarelangW550010udpConnectEv
                0x0000000008000764       0x68 ./Core/Src/barelangUDP.o
                0x0000000008000764                BarelangW5500::udpConnect()
 .text._ZN13BarelangW550010udpProcessEv
                0x00000000080007cc       0x50 ./Core/Src/barelangUDP.o
                0x00000000080007cc                BarelangW5500::udpProcess()
 .text._ZN13BarelangW550010udpReceiveEv
                0x000000000800081c       0xac ./Core/Src/barelangUDP.o
                0x000000000800081c                BarelangW5500::udpReceive()
 .text._ZN13BarelangW55007udpSendEPKvj
                0x00000000080008c8       0x60 ./Core/Src/barelangUDP.o
                0x00000000080008c8                BarelangW5500::udpSend(void const*, unsigned int)
 .text.main     0x0000000008000928       0x4c ./Core/Src/main.o
                0x0000000008000928                main
 .text._Z18SystemClock_Configv
                0x0000000008000974       0xe8 ./Core/Src/main.o
                0x0000000008000974                SystemClock_Config()
 .text._ZL12MX_ADC1_Initv
                0x0000000008000a5c       0xb8 ./Core/Src/main.o
 .text._ZL12MX_ADC2_Initv
                0x0000000008000b14       0xb8 ./Core/Src/main.o
 .text._ZL12MX_SPI1_Initv
                0x0000000008000bcc       0x78 ./Core/Src/main.o
 .text._ZL12MX_TIM1_Initv
                0x0000000008000c44      0x194 ./Core/Src/main.o
 .text._ZL12MX_TIM2_Initv
                0x0000000008000dd8      0x130 ./Core/Src/main.o
 .text._ZL13MX_UART4_Initv
                0x0000000008000f08       0x5c ./Core/Src/main.o
 .text._ZL12MX_GPIO_Initv
                0x0000000008000f64      0x394 ./Core/Src/main.o
 .text.Error_Handler
                0x00000000080012f8        0xa ./Core/Src/main.o
                0x00000000080012f8                Error_Handler
 *fill*         0x0000000008001302        0x2 
 .text.socket   0x0000000008001304      0x26c ./Core/Src/socket.o
                0x0000000008001304                socket
 .text.close    0x0000000008001570       0xdc ./Core/Src/socket.o
                0x0000000008001570                close
 .text.sendto_W5x00
                0x000000000800164c       0x30 ./Core/Src/socket.o
                0x000000000800164c                sendto_W5x00
 .text.sendto_IO_6
                0x000000000800167c      0x320 ./Core/Src/socket.o
 .text.recvfrom_W5x00
                0x000000000800199c       0x30 ./Core/Src/socket.o
                0x000000000800199c                recvfrom_W5x00
 .text.recvfrom_IO_6
                0x00000000080019cc      0x408 ./Core/Src/socket.o
 .text.HAL_MspInit
                0x0000000008001dd4       0x50 ./Core/Src/stm32f4xx_hal_msp.o
                0x0000000008001dd4                HAL_MspInit
 .text.HAL_ADC_MspInit
                0x0000000008001e24       0xec ./Core/Src/stm32f4xx_hal_msp.o
                0x0000000008001e24                HAL_ADC_MspInit
 .text.HAL_SPI_MspInit
                0x0000000008001f10       0x90 ./Core/Src/stm32f4xx_hal_msp.o
                0x0000000008001f10                HAL_SPI_MspInit
 .text.HAL_TIM_MspPostInit
                0x0000000008001fa0      0x104 ./Core/Src/stm32f4xx_hal_msp.o
                0x0000000008001fa0                HAL_TIM_MspPostInit
 .text.HAL_UART_MspInit
                0x00000000080020a4       0xd0 ./Core/Src/stm32f4xx_hal_msp.o
                0x00000000080020a4                HAL_UART_MspInit
 .text.NMI_Handler
                0x0000000008002174        0x6 ./Core/Src/stm32f4xx_it.o
                0x0000000008002174                NMI_Handler
 .text.HardFault_Handler
                0x000000000800217a        0x6 ./Core/Src/stm32f4xx_it.o
                0x000000000800217a                HardFault_Handler
 .text.MemManage_Handler
                0x0000000008002180        0x6 ./Core/Src/stm32f4xx_it.o
                0x0000000008002180                MemManage_Handler
 .text.BusFault_Handler
                0x0000000008002186        0x6 ./Core/Src/stm32f4xx_it.o
                0x0000000008002186                BusFault_Handler
 .text.UsageFault_Handler
                0x000000000800218c        0x6 ./Core/Src/stm32f4xx_it.o
                0x000000000800218c                UsageFault_Handler
 .text.SVC_Handler
                0x0000000008002192        0xe ./Core/Src/stm32f4xx_it.o
                0x0000000008002192                SVC_Handler
 .text.DebugMon_Handler
                0x00000000080021a0        0xe ./Core/Src/stm32f4xx_it.o
                0x00000000080021a0                DebugMon_Handler
 .text.PendSV_Handler
                0x00000000080021ae        0xe ./Core/Src/stm32f4xx_it.o
                0x00000000080021ae                PendSV_Handler
 .text.SysTick_Handler
                0x00000000080021bc        0xc ./Core/Src/stm32f4xx_it.o
                0x00000000080021bc                SysTick_Handler
 .text._getpid  0x00000000080021c8       0x10 ./Core/Src/syscalls.o
                0x00000000080021c8                _getpid
 .text._kill    0x00000000080021d8       0x20 ./Core/Src/syscalls.o
                0x00000000080021d8                _kill
 .text._exit    0x00000000080021f8       0x14 ./Core/Src/syscalls.o
                0x00000000080021f8                _exit
 .text._sbrk    0x000000000800220c       0x6c ./Core/Src/sysmem.o
                0x000000000800220c                _sbrk
 .text.SystemInit
                0x0000000008002278       0x24 ./Core/Src/system_stm32f4xx.o
                0x0000000008002278                SystemInit
 .text.WIZCHIP_READ
                0x000000000800229c       0x98 ./Core/Src/w5500.o
                0x000000000800229c                WIZCHIP_READ
 .text.WIZCHIP_WRITE
                0x0000000008002334       0x9c ./Core/Src/w5500.o
                0x0000000008002334                WIZCHIP_WRITE
 .text.WIZCHIP_READ_BUF
                0x00000000080023d0       0xc0 ./Core/Src/w5500.o
                0x00000000080023d0                WIZCHIP_READ_BUF
 .text.WIZCHIP_WRITE_BUF
                0x0000000008002490       0xc0 ./Core/Src/w5500.o
                0x0000000008002490                WIZCHIP_WRITE_BUF
 .text.getSn_TX_FSR
                0x0000000008002550       0x96 ./Core/Src/w5500.o
                0x0000000008002550                getSn_TX_FSR
 .text.getSn_RX_RSR
                0x00000000080025e6       0x96 ./Core/Src/w5500.o
                0x00000000080025e6                getSn_RX_RSR
 .text.wiz_send_data
                0x000000000800267c       0xb8 ./Core/Src/w5500.o
                0x000000000800267c                wiz_send_data
 .text.wiz_recv_data
                0x0000000008002734       0xb8 ./Core/Src/w5500.o
                0x0000000008002734                wiz_recv_data
 .text.wiz_recv_ignore
                0x00000000080027ec       0x90 ./Core/Src/w5500.o
                0x00000000080027ec                wiz_recv_ignore
 .text.wizchip_cris_enter
                0x000000000800287c        0xe ./Core/Src/wizchip_conf.o
                0x000000000800287c                wizchip_cris_enter
 .text.wizchip_cris_exit
                0x000000000800288a        0xe ./Core/Src/wizchip_conf.o
                0x000000000800288a                wizchip_cris_exit
 .text.wizchip_cs_select
                0x0000000008002898        0xe ./Core/Src/wizchip_conf.o
                0x0000000008002898                wizchip_cs_select
 .text.wizchip_cs_deselect
                0x00000000080028a6        0xe ./Core/Src/wizchip_conf.o
                0x00000000080028a6                wizchip_cs_deselect
 .text.wizchip_bus_readdata
                0x00000000080028b4       0x1a ./Core/Src/wizchip_conf.o
                0x00000000080028b4                wizchip_bus_readdata
 .text.wizchip_bus_writedata
                0x00000000080028ce       0x1e ./Core/Src/wizchip_conf.o
                0x00000000080028ce                wizchip_bus_writedata
 .text.wizchip_spi_readbyte
                0x00000000080028ec       0x10 ./Core/Src/wizchip_conf.o
                0x00000000080028ec                wizchip_spi_readbyte
 .text.wizchip_spi_writebyte
                0x00000000080028fc       0x16 ./Core/Src/wizchip_conf.o
                0x00000000080028fc                wizchip_spi_writebyte
 *fill*         0x0000000008002912        0x2 
 .text.wizchip_spi_readburst
                0x0000000008002914       0x40 ./Core/Src/wizchip_conf.o
                0x0000000008002914                wizchip_spi_readburst
 .text.wizchip_spi_writeburst
                0x0000000008002954       0x40 ./Core/Src/wizchip_conf.o
                0x0000000008002954                wizchip_spi_writeburst
 .text.reg_wizchip_cs_cbfunc
                0x0000000008002994       0x4c ./Core/Src/wizchip_conf.o
                0x0000000008002994                reg_wizchip_cs_cbfunc
 .text.reg_wizchip_spi_cbfunc
                0x00000000080029e0       0x58 ./Core/Src/wizchip_conf.o
                0x00000000080029e0                reg_wizchip_spi_cbfunc
 .text.reg_wizchip_spiburst_cbfunc
                0x0000000008002a38       0x58 ./Core/Src/wizchip_conf.o
                0x0000000008002a38                reg_wizchip_spiburst_cbfunc
 .text.wizchip_setnetinfo
                0x0000000008002a90       0x80 ./Core/Src/wizchip_conf.o
                0x0000000008002a90                wizchip_setnetinfo
 .text.Reset_Handler
                0x0000000008002b10       0x50 ./Core/Startup/startup_stm32f407vgtx.o
                0x0000000008002b10                Reset_Handler
 .text.Default_Handler
                0x0000000008002b60        0x2 ./Core/Startup/startup_stm32f407vgtx.o
                0x0000000008002b60                RTC_Alarm_IRQHandler
                0x0000000008002b60                HASH_RNG_IRQHandler
                0x0000000008002b60                EXTI2_IRQHandler
                0x0000000008002b60                TIM8_CC_IRQHandler
                0x0000000008002b60                TIM1_CC_IRQHandler
                0x0000000008002b60                DMA2_Stream5_IRQHandler
                0x0000000008002b60                DMA1_Stream5_IRQHandler
                0x0000000008002b60                PVD_IRQHandler
                0x0000000008002b60                SDIO_IRQHandler
                0x0000000008002b60                TAMP_STAMP_IRQHandler
                0x0000000008002b60                CAN2_RX1_IRQHandler
                0x0000000008002b60                EXTI3_IRQHandler
                0x0000000008002b60                TIM8_TRG_COM_TIM14_IRQHandler
                0x0000000008002b60                TIM1_UP_TIM10_IRQHandler
                0x0000000008002b60                TIM8_UP_TIM13_IRQHandler
                0x0000000008002b60                I2C3_ER_IRQHandler
                0x0000000008002b60                EXTI0_IRQHandler
                0x0000000008002b60                I2C2_EV_IRQHandler
                0x0000000008002b60                DMA1_Stream2_IRQHandler
                0x0000000008002b60                CAN1_RX0_IRQHandler
                0x0000000008002b60                FPU_IRQHandler
                0x0000000008002b60                OTG_HS_WKUP_IRQHandler
                0x0000000008002b60                CAN2_SCE_IRQHandler
                0x0000000008002b60                DMA2_Stream2_IRQHandler
                0x0000000008002b60                SPI1_IRQHandler
                0x0000000008002b60                TIM6_DAC_IRQHandler
                0x0000000008002b60                TIM1_BRK_TIM9_IRQHandler
                0x0000000008002b60                DCMI_IRQHandler
                0x0000000008002b60                CAN2_RX0_IRQHandler
                0x0000000008002b60                DMA2_Stream3_IRQHandler
                0x0000000008002b60                USART6_IRQHandler
                0x0000000008002b60                USART3_IRQHandler
                0x0000000008002b60                CAN1_RX1_IRQHandler
                0x0000000008002b60                UART5_IRQHandler
                0x0000000008002b60                DMA2_Stream0_IRQHandler
                0x0000000008002b60                TIM4_IRQHandler
                0x0000000008002b60                I2C1_EV_IRQHandler
                0x0000000008002b60                DMA1_Stream6_IRQHandler
                0x0000000008002b60                DMA1_Stream1_IRQHandler
                0x0000000008002b60                UART4_IRQHandler
                0x0000000008002b60                TIM3_IRQHandler
                0x0000000008002b60                RCC_IRQHandler
                0x0000000008002b60                TIM8_BRK_TIM12_IRQHandler
                0x0000000008002b60                Default_Handler
                0x0000000008002b60                EXTI15_10_IRQHandler
                0x0000000008002b60                ADC_IRQHandler
                0x0000000008002b60                DMA1_Stream7_IRQHandler
                0x0000000008002b60                TIM7_IRQHandler
                0x0000000008002b60                CAN2_TX_IRQHandler
                0x0000000008002b60                TIM5_IRQHandler
                0x0000000008002b60                DMA2_Stream7_IRQHandler
                0x0000000008002b60                I2C3_EV_IRQHandler
                0x0000000008002b60                EXTI9_5_IRQHandler
                0x0000000008002b60                RTC_WKUP_IRQHandler
                0x0000000008002b60                ETH_WKUP_IRQHandler
                0x0000000008002b60                SPI2_IRQHandler
                0x0000000008002b60                OTG_HS_EP1_IN_IRQHandler
                0x0000000008002b60                DMA1_Stream0_IRQHandler
                0x0000000008002b60                CAN1_TX_IRQHandler
                0x0000000008002b60                EXTI4_IRQHandler
                0x0000000008002b60                FSMC_IRQHandler
                0x0000000008002b60                ETH_IRQHandler
                0x0000000008002b60                OTG_HS_EP1_OUT_IRQHandler
                0x0000000008002b60                WWDG_IRQHandler
                0x0000000008002b60                TIM2_IRQHandler
                0x0000000008002b60                OTG_FS_WKUP_IRQHandler
                0x0000000008002b60                TIM1_TRG_COM_TIM11_IRQHandler
                0x0000000008002b60                OTG_HS_IRQHandler
                0x0000000008002b60                EXTI1_IRQHandler
                0x0000000008002b60                USART2_IRQHandler
                0x0000000008002b60                I2C2_ER_IRQHandler
                0x0000000008002b60                DMA2_Stream1_IRQHandler
                0x0000000008002b60                CAN1_SCE_IRQHandler
                0x0000000008002b60                FLASH_IRQHandler
                0x0000000008002b60                DMA2_Stream4_IRQHandler
                0x0000000008002b60                USART1_IRQHandler
                0x0000000008002b60                OTG_FS_IRQHandler
                0x0000000008002b60                SPI3_IRQHandler
                0x0000000008002b60                DMA1_Stream4_IRQHandler
                0x0000000008002b60                I2C1_ER_IRQHandler
                0x0000000008002b60                DMA2_Stream6_IRQHandler
                0x0000000008002b60                DMA1_Stream3_IRQHandler
 *fill*         0x0000000008002b62        0x2 
 .text.HAL_Init
                0x0000000008002b64       0x44 ./Drivers/STM32F4xx_HAL_Driver/Src/stm32f4xx_hal.o
                0x0000000008002b64                HAL_Init
 .text.HAL_InitTick
                0x0000000008002ba8       0x60 ./Drivers/STM32F4xx_HAL_Driver/Src/stm32f4xx_hal.o
                0x0000000008002ba8                HAL_InitTick
 .text.HAL_IncTick
                0x0000000008002c08       0x28 ./Drivers/STM32F4xx_HAL_Driver/Src/stm32f4xx_hal.o
                0x0000000008002c08                HAL_IncTick
 .text.HAL_GetTick
                0x0000000008002c30       0x18 ./Drivers/STM32F4xx_HAL_Driver/Src/stm32f4xx_hal.o
                0x0000000008002c30                HAL_GetTick
 .text.HAL_ADC_Init
                0x0000000008002c48       0x86 ./Drivers/STM32F4xx_HAL_Driver/Src/stm32f4xx_hal_adc.o
                0x0000000008002c48                HAL_ADC_Init
 *fill*         0x0000000008002cce        0x2 
 .text.HAL_ADC_ConfigChannel
                0x0000000008002cd0      0x244 ./Drivers/STM32F4xx_HAL_Driver/Src/stm32f4xx_hal_adc.o
                0x0000000008002cd0                HAL_ADC_ConfigChannel
 .text.ADC_Init
                0x0000000008002f14      0x1f8 ./Drivers/STM32F4xx_HAL_Driver/Src/stm32f4xx_hal_adc.o
 .text.__NVIC_SetPriorityGrouping
                0x000000000800310c       0x48 ./Drivers/STM32F4xx_HAL_Driver/Src/stm32f4xx_hal_cortex.o
 .text.__NVIC_GetPriorityGrouping
                0x0000000008003154       0x1c ./Drivers/STM32F4xx_HAL_Driver/Src/stm32f4xx_hal_cortex.o
 .text.__NVIC_SetPriority
                0x0000000008003170       0x54 ./Drivers/STM32F4xx_HAL_Driver/Src/stm32f4xx_hal_cortex.o
 .text.NVIC_EncodePriority
                0x00000000080031c4       0x66 ./Drivers/STM32F4xx_HAL_Driver/Src/stm32f4xx_hal_cortex.o
 *fill*         0x000000000800322a        0x2 
 .text.SysTick_Config
                0x000000000800322c       0x44 ./Drivers/STM32F4xx_HAL_Driver/Src/stm32f4xx_hal_cortex.o
 .text.HAL_NVIC_SetPriorityGrouping
                0x0000000008003270       0x16 ./Drivers/STM32F4xx_HAL_Driver/Src/stm32f4xx_hal_cortex.o
                0x0000000008003270                HAL_NVIC_SetPriorityGrouping
 .text.HAL_NVIC_SetPriority
                0x0000000008003286       0x38 ./Drivers/STM32F4xx_HAL_Driver/Src/stm32f4xx_hal_cortex.o
                0x0000000008003286                HAL_NVIC_SetPriority
 .text.HAL_SYSTICK_Config
                0x00000000080032be       0x18 ./Drivers/STM32F4xx_HAL_Driver/Src/stm32f4xx_hal_cortex.o
                0x00000000080032be                HAL_SYSTICK_Config
 *fill*         0x00000000080032d6        0x2 
 .text.HAL_GPIO_Init
                0x00000000080032d8      0x338 ./Drivers/STM32F4xx_HAL_Driver/Src/stm32f4xx_hal_gpio.o
                0x00000000080032d8                HAL_GPIO_Init
 .text.HAL_GPIO_WritePin
                0x0000000008003610       0x32 ./Drivers/STM32F4xx_HAL_Driver/Src/stm32f4xx_hal_gpio.o
                0x0000000008003610                HAL_GPIO_WritePin
 *fill*         0x0000000008003642        0x2 
 .text.HAL_RCC_OscConfig
                0x0000000008003644      0x4f0 ./Drivers/STM32F4xx_HAL_Driver/Src/stm32f4xx_hal_rcc.o
                0x0000000008003644                HAL_RCC_OscConfig
 .text.HAL_RCC_ClockConfig
                0x0000000008003b34      0x1cc ./Drivers/STM32F4xx_HAL_Driver/Src/stm32f4xx_hal_rcc.o
                0x0000000008003b34                HAL_RCC_ClockConfig
 .text.HAL_RCC_GetSysClockFreq
                0x0000000008003d00      0x1c4 ./Drivers/STM32F4xx_HAL_Driver/Src/stm32f4xx_hal_rcc.o
                0x0000000008003d00                HAL_RCC_GetSysClockFreq
 .text.HAL_RCC_GetHCLKFreq
                0x0000000008003ec4       0x18 ./Drivers/STM32F4xx_HAL_Driver/Src/stm32f4xx_hal_rcc.o
                0x0000000008003ec4                HAL_RCC_GetHCLKFreq
 .text.HAL_RCC_GetPCLK1Freq
                0x0000000008003edc       0x28 ./Drivers/STM32F4xx_HAL_Driver/Src/stm32f4xx_hal_rcc.o
                0x0000000008003edc                HAL_RCC_GetPCLK1Freq
 .text.HAL_RCC_GetPCLK2Freq
                0x0000000008003f04       0x28 ./Drivers/STM32F4xx_HAL_Driver/Src/stm32f4xx_hal_rcc.o
                0x0000000008003f04                HAL_RCC_GetPCLK2Freq
 .text.HAL_SPI_Init
                0x0000000008003f2c      0x112 ./Drivers/STM32F4xx_HAL_Driver/Src/stm32f4xx_hal_spi.o
                0x0000000008003f2c                HAL_SPI_Init
 .text.HAL_SPI_Transmit
                0x000000000800403e      0x278 ./Drivers/STM32F4xx_HAL_Driver/Src/stm32f4xx_hal_spi.o
                0x000000000800403e                HAL_SPI_Transmit
 .text.HAL_SPI_Receive
                0x00000000080042b6      0x222 ./Drivers/STM32F4xx_HAL_Driver/Src/stm32f4xx_hal_spi.o
                0x00000000080042b6                HAL_SPI_Receive
 .text.HAL_SPI_TransmitReceive
                0x00000000080044d8      0x344 ./Drivers/STM32F4xx_HAL_Driver/Src/stm32f4xx_hal_spi.o
                0x00000000080044d8                HAL_SPI_TransmitReceive
 .text.SPI_WaitFlagStateUntilTimeout
                0x000000000800481c      0x110 ./Drivers/STM32F4xx_HAL_Driver/Src/stm32f4xx_hal_spi.o
 .text.SPI_EndRxTransaction
                0x000000000800492c       0xca ./Drivers/STM32F4xx_HAL_Driver/Src/stm32f4xx_hal_spi.o
 *fill*         0x00000000080049f6        0x2 
 .text.SPI_EndRxTxTransaction
                0x00000000080049f8       0x84 ./Drivers/STM32F4xx_HAL_Driver/Src/stm32f4xx_hal_spi.o
 .text.HAL_TIM_PWM_Init
                0x0000000008004a7c       0x9e ./Drivers/STM32F4xx_HAL_Driver/Src/stm32f4xx_hal_tim.o
                0x0000000008004a7c                HAL_TIM_PWM_Init
 .text.HAL_TIM_PWM_MspInit
                0x0000000008004b1a       0x14 ./Drivers/STM32F4xx_HAL_Driver/Src/stm32f4xx_hal_tim.o
                0x0000000008004b1a                HAL_TIM_PWM_MspInit
 *fill*         0x0000000008004b2e        0x2 
 .text.HAL_TIM_PWM_ConfigChannel
                0x0000000008004b30      0x184 ./Drivers/STM32F4xx_HAL_Driver/Src/stm32f4xx_hal_tim.o
                0x0000000008004b30                HAL_TIM_PWM_ConfigChannel
 .text.TIM_Base_SetConfig
                0x0000000008004cb4      0x140 ./Drivers/STM32F4xx_HAL_Driver/Src/stm32f4xx_hal_tim.o
                0x0000000008004cb4                TIM_Base_SetConfig
 .text.TIM_OC1_SetConfig
                0x0000000008004df4       0xe0 ./Drivers/STM32F4xx_HAL_Driver/Src/stm32f4xx_hal_tim.o
 .text.TIM_OC2_SetConfig
                0x0000000008004ed4       0xec ./Drivers/STM32F4xx_HAL_Driver/Src/stm32f4xx_hal_tim.o
                0x0000000008004ed4                TIM_OC2_SetConfig
 .text.TIM_OC3_SetConfig
                0x0000000008004fc0       0xe8 ./Drivers/STM32F4xx_HAL_Driver/Src/stm32f4xx_hal_tim.o
 .text.TIM_OC4_SetConfig
                0x00000000080050a8       0xac ./Drivers/STM32F4xx_HAL_Driver/Src/stm32f4xx_hal_tim.o
 .text.HAL_TIMEx_MasterConfigSynchronization
                0x0000000008005154       0xf8 ./Drivers/STM32F4xx_HAL_Driver/Src/stm32f4xx_hal_tim_ex.o
                0x0000000008005154                HAL_TIMEx_MasterConfigSynchronization
 .text.HAL_TIMEx_ConfigBreakDeadTime
                0x000000000800524c       0xa4 ./Drivers/STM32F4xx_HAL_Driver/Src/stm32f4xx_hal_tim_ex.o
                0x000000000800524c                HAL_TIMEx_ConfigBreakDeadTime
 .text.HAL_UART_Init
                0x00000000080052f0       0x9a ./Drivers/STM32F4xx_HAL_Driver/Src/stm32f4xx_hal_uart.o
                0x00000000080052f0                HAL_UART_Init
 *fill*         0x000000000800538a        0x2 
 .text.UART_SetConfig
                0x000000000800538c      0x390 ./Drivers/STM32F4xx_HAL_Driver/Src/stm32f4xx_hal_uart.o
 .text._Znwj    0x000000000800571c       0x22 /opt/st/stm32cubeide_1.8.0/plugins/com.st.stm32cube.ide.mcu.externaltools.gnu-tools-for-stm32.9-2020-q2-update.linux64_2.0.0.202105311346/tools/bin/../lib/gcc/arm-none-eabi/9.3.1/../../../../arm-none-eabi/lib/thumb/v7e-m+fp/hard/libstdc++_nano.a(new_op.o)
                0x000000000800571c                operator new(unsigned int)
 *fill*         0x000000000800573e        0x2 
 .text._ZSt15get_new_handlerv
                0x0000000008005740       0x10 /opt/st/stm32cubeide_1.8.0/plugins/com.st.stm32cube.ide.mcu.externaltools.gnu-tools-for-stm32.9-2020-q2-update.linux64_2.0.0.202105311346/tools/bin/../lib/gcc/arm-none-eabi/9.3.1/../../../../arm-none-eabi/lib/thumb/v7e-m+fp/hard/libstdc++_nano.a(new_handler.o)
                0x0000000008005740                std::get_new_handler()
 .text.abort    0x0000000008005750        0xe /opt/st/stm32cubeide_1.8.0/plugins/com.st.stm32cube.ide.mcu.externaltools.gnu-tools-for-stm32.9-2020-q2-update.linux64_2.0.0.202105311346/tools/bin/../lib/gcc/arm-none-eabi/9.3.1/../../../../arm-none-eabi/lib/thumb/v7e-m+fp/hard/libc_nano.a(lib_a-abort.o)
                0x0000000008005750                abort
 *fill*         0x000000000800575e        0x2 
 .text.__errno  0x0000000008005760        0xc /opt/st/stm32cubeide_1.8.0/plugins/com.st.stm32cube.ide.mcu.externaltools.gnu-tools-for-stm32.9-2020-q2-update.linux64_2.0.0.202105311346/tools/bin/../lib/gcc/arm-none-eabi/9.3.1/../../../../arm-none-eabi/lib/thumb/v7e-m+fp/hard/libc_nano.a(lib_a-errno.o)
                0x0000000008005760                __errno
 .text.__libc_init_array
                0x000000000800576c       0x48 /opt/st/stm32cubeide_1.8.0/plugins/com.st.stm32cube.ide.mcu.externaltools.gnu-tools-for-stm32.9-2020-q2-update.linux64_2.0.0.202105311346/tools/bin/../lib/gcc/arm-none-eabi/9.3.1/../../../../arm-none-eabi/lib/thumb/v7e-m+fp/hard/libc_nano.a(lib_a-init.o)
                0x000000000800576c                __libc_init_array
 .text.malloc   0x00000000080057b4       0x10 /opt/st/stm32cubeide_1.8.0/plugins/com.st.stm32cube.ide.mcu.externaltools.gnu-tools-for-stm32.9-2020-q2-update.linux64_2.0.0.202105311346/tools/bin/../lib/gcc/arm-none-eabi/9.3.1/../../../../arm-none-eabi/lib/thumb/v7e-m+fp/hard/libc_nano.a(lib_a-malloc.o)
                0x00000000080057b4                malloc
 .text.memcpy   0x00000000080057c4       0x1c /opt/st/stm32cubeide_1.8.0/plugins/com.st.stm32cube.ide.mcu.externaltools.gnu-tools-for-stm32.9-2020-q2-update.linux64_2.0.0.202105311346/tools/bin/../lib/gcc/arm-none-eabi/9.3.1/../../../../arm-none-eabi/lib/thumb/v7e-m+fp/hard/libc_nano.a(lib_a-memcpy-stub.o)
                0x00000000080057c4                memcpy
 .text.memset   0x00000000080057e0       0x10 /opt/st/stm32cubeide_1.8.0/plugins/com.st.stm32cube.ide.mcu.externaltools.gnu-tools-for-stm32.9-2020-q2-update.linux64_2.0.0.202105311346/tools/bin/../lib/gcc/arm-none-eabi/9.3.1/../../../../arm-none-eabi/lib/thumb/v7e-m+fp/hard/libc_nano.a(lib_a-memset.o)
                0x00000000080057e0                memset
 .text._malloc_r
                0x00000000080057f0       0xb4 /opt/st/stm32cubeide_1.8.0/plugins/com.st.stm32cube.ide.mcu.externaltools.gnu-tools-for-stm32.9-2020-q2-update.linux64_2.0.0.202105311346/tools/bin/../lib/gcc/arm-none-eabi/9.3.1/../../../../arm-none-eabi/lib/thumb/v7e-m+fp/hard/libc_nano.a(lib_a-nano-mallocr.o)
                0x00000000080057f0                _malloc_r
 .text._sbrk_r  0x00000000080058a4       0x20 /opt/st/stm32cubeide_1.8.0/plugins/com.st.stm32cube.ide.mcu.externaltools.gnu-tools-for-stm32.9-2020-q2-update.linux64_2.0.0.202105311346/tools/bin/../lib/gcc/arm-none-eabi/9.3.1/../../../../arm-none-eabi/lib/thumb/v7e-m+fp/hard/libc_nano.a(lib_a-sbrkr.o)
                0x00000000080058a4                _sbrk_r
 .text._raise_r
                0x00000000080058c4       0x50 /opt/st/stm32cubeide_1.8.0/plugins/com.st.stm32cube.ide.mcu.externaltools.gnu-tools-for-stm32.9-2020-q2-update.linux64_2.0.0.202105311346/tools/bin/../lib/gcc/arm-none-eabi/9.3.1/../../../../arm-none-eabi/lib/thumb/v7e-m+fp/hard/libc_nano.a(lib_a-signal.o)
                0x00000000080058c4                _raise_r
 .text.raise    0x0000000008005914       0x10 /opt/st/stm32cubeide_1.8.0/plugins/com.st.stm32cube.ide.mcu.externaltools.gnu-tools-for-stm32.9-2020-q2-update.linux64_2.0.0.202105311346/tools/bin/../lib/gcc/arm-none-eabi/9.3.1/../../../../arm-none-eabi/lib/thumb/v7e-m+fp/hard/libc_nano.a(lib_a-signal.o)
                0x0000000008005914                raise
 .text._kill_r  0x0000000008005924       0x24 /opt/st/stm32cubeide_1.8.0/plugins/com.st.stm32cube.ide.mcu.externaltools.gnu-tools-for-stm32.9-2020-q2-update.linux64_2.0.0.202105311346/tools/bin/../lib/gcc/arm-none-eabi/9.3.1/../../../../arm-none-eabi/lib/thumb/v7e-m+fp/hard/libc_nano.a(lib_a-signalr.o)
                0x0000000008005924                _kill_r
 .text._getpid_r
                0x0000000008005948        0x4 /opt/st/stm32cubeide_1.8.0/plugins/com.st.stm32cube.ide.mcu.externaltools.gnu-tools-for-stm32.9-2020-q2-update.linux64_2.0.0.202105311346/tools/bin/../lib/gcc/arm-none-eabi/9.3.1/../../../../arm-none-eabi/lib/thumb/v7e-m+fp/hard/libc_nano.a(lib_a-signalr.o)
                0x0000000008005948                _getpid_r
 .text.__malloc_lock
                0x000000000800594c        0xc /opt/st/stm32cubeide_1.8.0/plugins/com.st.stm32cube.ide.mcu.externaltools.gnu-tools-for-stm32.9-2020-q2-update.linux64_2.0.0.202105311346/tools/bin/../lib/gcc/arm-none-eabi/9.3.1/../../../../arm-none-eabi/lib/thumb/v7e-m+fp/hard/libc_nano.a(lib_a-mlock.o)
                0x000000000800594c                __malloc_lock
 .text.__malloc_unlock
                0x0000000008005958        0xc /opt/st/stm32cubeide_1.8.0/plugins/com.st.stm32cube.ide.mcu.externaltools.gnu-tools-for-stm32.9-2020-q2-update.linux64_2.0.0.202105311346/tools/bin/../lib/gcc/arm-none-eabi/9.3.1/../../../../arm-none-eabi/lib/thumb/v7e-m+fp/hard/libc_nano.a(lib_a-mlock.o)
                0x0000000008005958                __malloc_unlock
 .text.__retarget_lock_acquire_recursive
                0x0000000008005964        0x2 /opt/st/stm32cubeide_1.8.0/plugins/com.st.stm32cube.ide.mcu.externaltools.gnu-tools-for-stm32.9-2020-q2-update.linux64_2.0.0.202105311346/tools/bin/../lib/gcc/arm-none-eabi/9.3.1/../../../../arm-none-eabi/lib/thumb/v7e-m+fp/hard/libc_nano.a(lib_a-lock.o)
                0x0000000008005964                __retarget_lock_acquire_recursive
 .text.__retarget_lock_release_recursive
                0x0000000008005966        0x2 /opt/st/stm32cubeide_1.8.0/plugins/com.st.stm32cube.ide.mcu.externaltools.gnu-tools-for-stm32.9-2020-q2-update.linux64_2.0.0.202105311346/tools/bin/../lib/gcc/arm-none-eabi/9.3.1/../../../../arm-none-eabi/lib/thumb/v7e-m+fp/hard/libc_nano.a(lib_a-lock.o)
                0x0000000008005966                __retarget_lock_release_recursive
 *(.glue_7)
 .glue_7        0x0000000008005968        0x0 linker stubs
 *(.glue_7t)
 .glue_7t       0x0000000008005968        0x0 linker stubs
 *(.eh_frame)
 .eh_frame      0x0000000008005968        0x0 /opt/st/stm32cubeide_1.8.0/plugins/com.st.stm32cube.ide.mcu.externaltools.gnu-tools-for-stm32.9-2020-q2-update.linux64_2.0.0.202105311346/tools/bin/../lib/gcc/arm-none-eabi/9.3.1/thumb/v7e-m+fp/hard/crtbegin.o
 *(.init)
 .init          0x0000000008005968        0x4 /opt/st/stm32cubeide_1.8.0/plugins/com.st.stm32cube.ide.mcu.externaltools.gnu-tools-for-stm32.9-2020-q2-update.linux64_2.0.0.202105311346/tools/bin/../lib/gcc/arm-none-eabi/9.3.1/thumb/v7e-m+fp/hard/crti.o
                0x0000000008005968                _init
 .init          0x000000000800596c        0x8 /opt/st/stm32cubeide_1.8.0/plugins/com.st.stm32cube.ide.mcu.externaltools.gnu-tools-for-stm32.9-2020-q2-update.linux64_2.0.0.202105311346/tools/bin/../lib/gcc/arm-none-eabi/9.3.1/thumb/v7e-m+fp/hard/crtn.o
 *(.fini)
 .fini          0x0000000008005974        0x4 /opt/st/stm32cubeide_1.8.0/plugins/com.st.stm32cube.ide.mcu.externaltools.gnu-tools-for-stm32.9-2020-q2-update.linux64_2.0.0.202105311346/tools/bin/../lib/gcc/arm-none-eabi/9.3.1/thumb/v7e-m+fp/hard/crti.o
                0x0000000008005974                _fini
 .fini          0x0000000008005978        0x8 /opt/st/stm32cubeide_1.8.0/plugins/com.st.stm32cube.ide.mcu.externaltools.gnu-tools-for-stm32.9-2020-q2-update.linux64_2.0.0.202105311346/tools/bin/../lib/gcc/arm-none-eabi/9.3.1/thumb/v7e-m+fp/hard/crtn.o
                0x0000000008005980                . = ALIGN (0x4)
                0x0000000008005980                _etext = .

.vfp11_veneer   0x0000000008005980        0x0
 .vfp11_veneer  0x0000000008005980        0x0 linker stubs

.v4_bx          0x0000000008005980        0x0
 .v4_bx         0x0000000008005980        0x0 linker stubs

.iplt           0x0000000008005980        0x0
 .iplt          0x0000000008005980        0x0 /opt/st/stm32cubeide_1.8.0/plugins/com.st.stm32cube.ide.mcu.externaltools.gnu-tools-for-stm32.9-2020-q2-update.linux64_2.0.0.202105311346/tools/bin/../lib/gcc/arm-none-eabi/9.3.1/thumb/v7e-m+fp/hard/crtbegin.o

.rodata         0x0000000008005980       0x1c
                0x0000000008005980                . = ALIGN (0x4)
 *(.rodata)
 .rodata        0x0000000008005980        0x4 ./Core/Src/barelangUDP.o
 *(.rodata*)
 .rodata.AHBPrescTable
                0x0000000008005984       0x10 ./Core/Src/system_stm32f4xx.o
                0x0000000008005984                AHBPrescTable
 .rodata.APBPrescTable
                0x0000000008005994        0x8 ./Core/Src/system_stm32f4xx.o
                0x0000000008005994                APBPrescTable
                0x000000000800599c                . = ALIGN (0x4)

.ARM.extab      0x000000000800599c        0x0
                0x000000000800599c                . = ALIGN (0x4)
 *(.ARM.extab* .gnu.linkonce.armextab.*)
                0x000000000800599c                . = ALIGN (0x4)

.ARM            0x000000000800599c        0x8
                0x000000000800599c                . = ALIGN (0x4)
                0x000000000800599c                __exidx_start = .
 *(.ARM.exidx*)
 .ARM.exidx     0x000000000800599c        0x8 /opt/st/stm32cubeide_1.8.0/plugins/com.st.stm32cube.ide.mcu.externaltools.gnu-tools-for-stm32.9-2020-q2-update.linux64_2.0.0.202105311346/tools/bin/../lib/gcc/arm-none-eabi/9.3.1/thumb/v7e-m+fp/hard/libgcc.a(_udivmoddi4.o)
                0x00000000080059a4                __exidx_end = .
                0x00000000080059a4                . = ALIGN (0x4)

.rel.dyn        0x00000000080059a4        0x0
 .rel.iplt      0x00000000080059a4        0x0 /opt/st/stm32cubeide_1.8.0/plugins/com.st.stm32cube.ide.mcu.externaltools.gnu-tools-for-stm32.9-2020-q2-update.linux64_2.0.0.202105311346/tools/bin/../lib/gcc/arm-none-eabi/9.3.1/thumb/v7e-m+fp/hard/crtbegin.o

.preinit_array  0x00000000080059a4        0x0
                0x00000000080059a4                . = ALIGN (0x4)
                0x00000000080059a4                PROVIDE (__preinit_array_start = .)
 *(.preinit_array*)
                0x00000000080059a4                PROVIDE (__preinit_array_end = .)
                0x00000000080059a4                . = ALIGN (0x4)

.init_array     0x00000000080059a4        0x4
                0x00000000080059a4                . = ALIGN (0x4)
                0x00000000080059a4                PROVIDE (__init_array_start = .)
 *(SORT_BY_NAME(.init_array.*))
 *(.init_array*)
 .init_array    0x00000000080059a4        0x4 /opt/st/stm32cubeide_1.8.0/plugins/com.st.stm32cube.ide.mcu.externaltools.gnu-tools-for-stm32.9-2020-q2-update.linux64_2.0.0.202105311346/tools/bin/../lib/gcc/arm-none-eabi/9.3.1/thumb/v7e-m+fp/hard/crtbegin.o
                0x00000000080059a8                PROVIDE (__init_array_end = .)
                0x00000000080059a8                . = ALIGN (0x4)

.fini_array     0x00000000080059a8        0x4
                0x00000000080059a8                . = ALIGN (0x4)
                [!provide]                        PROVIDE (__fini_array_start = .)
 *(SORT_BY_NAME(.fini_array.*))
 *(.fini_array*)
 .fini_array    0x00000000080059a8        0x4 /opt/st/stm32cubeide_1.8.0/plugins/com.st.stm32cube.ide.mcu.externaltools.gnu-tools-for-stm32.9-2020-q2-update.linux64_2.0.0.202105311346/tools/bin/../lib/gcc/arm-none-eabi/9.3.1/thumb/v7e-m+fp/hard/crtbegin.o
                [!provide]                        PROVIDE (__fini_array_end = .)
                0x00000000080059ac                . = ALIGN (0x4)
                0x00000000080059ac                _sidata = LOADADDR (.data)

.data           0x0000000020000000       0xa0 load address 0x00000000080059ac
                0x0000000020000000                . = ALIGN (0x4)
                0x0000000020000000                _sdata = .
 *(.data)
 *(.data*)
 .data.sock_any_port
                0x0000000020000000        0x2 ./Core/Src/socket.o
 *fill*         0x0000000020000002        0x2 
 .data.SystemCoreClock
                0x0000000020000004        0x4 ./Core/Src/system_stm32f4xx.o
                0x0000000020000004                SystemCoreClock
 .data.WIZCHIP  0x0000000020000008       0x2c ./Core/Src/wizchip_conf.o
                0x0000000020000008                WIZCHIP
 .data.uwTickPrio
                0x0000000020000034        0x4 ./Drivers/STM32F4xx_HAL_Driver/Src/stm32f4xx_hal.o
                0x0000000020000034                uwTickPrio
 .data.uwTickFreq
                0x0000000020000038        0x1 ./Drivers/STM32F4xx_HAL_Driver/Src/stm32f4xx_hal.o
                0x0000000020000038                uwTickFreq
 *fill*         0x0000000020000039        0x3 
 .data._impure_ptr
                0x000000002000003c        0x4 /opt/st/stm32cubeide_1.8.0/plugins/com.st.stm32cube.ide.mcu.externaltools.gnu-tools-for-stm32.9-2020-q2-update.linux64_2.0.0.202105311346/tools/bin/../lib/gcc/arm-none-eabi/9.3.1/../../../../arm-none-eabi/lib/thumb/v7e-m+fp/hard/libc_nano.a(lib_a-impure.o)
                0x000000002000003c                _impure_ptr
 .data.impure_data
                0x0000000020000040       0x60 /opt/st/stm32cubeide_1.8.0/plugins/com.st.stm32cube.ide.mcu.externaltools.gnu-tools-for-stm32.9-2020-q2-update.linux64_2.0.0.202105311346/tools/bin/../lib/gcc/arm-none-eabi/9.3.1/../../../../arm-none-eabi/lib/thumb/v7e-m+fp/hard/libc_nano.a(lib_a-impure.o)
 *(.RamFunc)
 *(.RamFunc*)
                0x00000000200000a0                . = ALIGN (0x4)
                0x00000000200000a0                _edata = .
                0x0000000008005a4c                _siccmram = LOADADDR (.ccmram)

.igot.plt       0x00000000200000a0        0x0 load address 0x0000000008005a4c
 .igot.plt      0x00000000200000a0        0x0 /opt/st/stm32cubeide_1.8.0/plugins/com.st.stm32cube.ide.mcu.externaltools.gnu-tools-for-stm32.9-2020-q2-update.linux64_2.0.0.202105311346/tools/bin/../lib/gcc/arm-none-eabi/9.3.1/thumb/v7e-m+fp/hard/crtbegin.o

.ccmram         0x0000000010000000        0x0 load address 0x0000000008005a4c
                0x0000000010000000                . = ALIGN (0x4)
                0x0000000010000000                _sccmram = .
 *(.ccmram)
 *(.ccmram*)
                0x0000000010000000                . = ALIGN (0x4)
                0x0000000010000000                _eccmram = .
                0x0000000010000000                . = ALIGN (0x4)

.bss            0x00000000200000a0      0x270
                0x00000000200000a0                _sbss = .
                0x00000000200000a0                __bss_start__ = _sbss
 *(.bss)
 .bss           0x00000000200000a0       0x1c /opt/st/stm32cubeide_1.8.0/plugins/com.st.stm32cube.ide.mcu.externaltools.gnu-tools-for-stm32.9-2020-q2-update.linux64_2.0.0.202105311346/tools/bin/../lib/gcc/arm-none-eabi/9.3.1/thumb/v7e-m+fp/hard/crtbegin.o
 *(.bss*)
 .bss.mainTick  0x00000000200000bc        0x4 ./Core/Src/barelangMain.o
                0x00000000200000bc                mainTick
 .bss.dataPC    0x00000000200000c0        0xc ./Core/Src/barelangUDP.o
                0x00000000200000c0                dataPC
 .bss.dataSTM   0x00000000200000cc       0x38 ./Core/Src/barelangUDP.o
                0x00000000200000cc                dataSTM
 .bss.recv_len  0x0000000020000104        0x4 ./Core/Src/barelangUDP.o
                0x0000000020000104                recv_len
 .bss.tickLoop  0x0000000020000108        0x4 ./Core/Src/main.o
                0x0000000020000108                tickLoop
 .bss.hadc1     0x000000002000010c       0x48 ./Core/Src/main.o
                0x000000002000010c                hadc1
 .bss.hadc2     0x0000000020000154       0x48 ./Core/Src/main.o
                0x0000000020000154                hadc2
 .bss.hspi1     0x000000002000019c       0x58 ./Core/Src/main.o
                0x000000002000019c                hspi1
 .bss.htim1     0x00000000200001f4       0x48 ./Core/Src/main.o
                0x00000000200001f4                htim1
 .bss.htim2     0x000000002000023c       0x48 ./Core/Src/main.o
                0x000000002000023c                htim2
 .bss.huart4    0x0000000020000284       0x44 ./Core/Src/main.o
                0x0000000020000284                huart4
 .bss.sock_io_mode
                0x00000000200002c8        0x2 ./Core/Src/socket.o
 .bss.sock_is_sending
                0x00000000200002ca        0x2 ./Core/Src/socket.o
 .bss.sock_remained_size
                0x00000000200002cc       0x10 ./Core/Src/socket.o
 .bss.sock_pack_info
                0x00000000200002dc        0x8 ./Core/Src/socket.o
                0x00000000200002dc                sock_pack_info
 .bss.__sbrk_heap_end
                0x00000000200002e4        0x4 ./Core/Src/sysmem.o
 .bss._DNS_     0x00000000200002e8        0x4 ./Core/Src/wizchip_conf.o
 .bss._DHCP_    0x00000000200002ec        0x1 ./Core/Src/wizchip_conf.o
 *fill*         0x00000000200002ed        0x3 
 .bss._ZN12_GLOBAL__N_113__new_handlerE
                0x00000000200002f0        0x4 /opt/st/stm32cubeide_1.8.0/plugins/com.st.stm32cube.ide.mcu.externaltools.gnu-tools-for-stm32.9-2020-q2-update.linux64_2.0.0.202105311346/tools/bin/../lib/gcc/arm-none-eabi/9.3.1/../../../../arm-none-eabi/lib/thumb/v7e-m+fp/hard/libstdc++_nano.a(new_handler.o)
 .bss.__malloc_free_list
                0x00000000200002f4        0x4 /opt/st/stm32cubeide_1.8.0/plugins/com.st.stm32cube.ide.mcu.externaltools.gnu-tools-for-stm32.9-2020-q2-update.linux64_2.0.0.202105311346/tools/bin/../lib/gcc/arm-none-eabi/9.3.1/../../../../arm-none-eabi/lib/thumb/v7e-m+fp/hard/libc_nano.a(lib_a-nano-mallocr.o)
                0x00000000200002f4                __malloc_free_list
 .bss.__malloc_sbrk_start
                0x00000000200002f8        0x4 /opt/st/stm32cubeide_1.8.0/plugins/com.st.stm32cube.ide.mcu.externaltools.gnu-tools-for-stm32.9-2020-q2-update.linux64_2.0.0.202105311346/tools/bin/../lib/gcc/arm-none-eabi/9.3.1/../../../../arm-none-eabi/lib/thumb/v7e-m+fp/hard/libc_nano.a(lib_a-nano-mallocr.o)
                0x00000000200002f8                __malloc_sbrk_start
 *(COMMON)
 COMMON         0x00000000200002fc        0x4 ./Drivers/STM32F4xx_HAL_Driver/Src/stm32f4xx_hal.o
                0x00000000200002fc                uwTick
 COMMON         0x0000000020000300        0x4 /opt/st/stm32cubeide_1.8.0/plugins/com.st.stm32cube.ide.mcu.externaltools.gnu-tools-for-stm32.9-2020-q2-update.linux64_2.0.0.202105311346/tools/bin/../lib/gcc/arm-none-eabi/9.3.1/../../../../arm-none-eabi/lib/thumb/v7e-m+fp/hard/libc_nano.a(lib_a-reent.o)
                0x0000000020000300                errno
 COMMON         0x0000000020000304        0x9 /opt/st/stm32cubeide_1.8.0/plugins/com.st.stm32cube.ide.mcu.externaltools.gnu-tools-for-stm32.9-2020-q2-update.linux64_2.0.0.202105311346/tools/bin/../lib/gcc/arm-none-eabi/9.3.1/../../../../arm-none-eabi/lib/thumb/v7e-m+fp/hard/libc_nano.a(lib_a-lock.o)
                0x0000000020000304                __lock___atexit_recursive_mutex
                0x0000000020000305                __lock___arc4random_mutex
                0x0000000020000306                __lock___env_recursive_mutex
                0x0000000020000307                __lock___sinit_recursive_mutex
                0x0000000020000308                __lock___malloc_recursive_mutex
                0x0000000020000309                __lock___at_quick_exit_mutex
                0x000000002000030a                __lock___dd_hash_mutex
                0x000000002000030b                __lock___tz_mutex
                0x000000002000030c                __lock___sfp_recursive_mutex
                0x0000000020000310                . = ALIGN (0x4)
 *fill*         0x000000002000030d        0x3 
                0x0000000020000310                _ebss = .
                0x0000000020000310                __bss_end__ = _ebss

._user_heap_stack
                0x0000000020000310      0x600
                0x0000000020000310                . = ALIGN (0x8)
                [!provide]                        PROVIDE (end = .)
                0x0000000020000310                PROVIDE (_end = .)
                0x0000000020000510                . = (. + _Min_Heap_Size)
 *fill*         0x0000000020000310      0x200 
                0x0000000020000910                . = (. + _Min_Stack_Size)
 *fill*         0x0000000020000510      0x400 
                0x0000000020000910                . = ALIGN (0x8)

/DISCARD/
 libc.a(*)
 libm.a(*)
 libgcc.a(*)

.ARM.attributes
                0x0000000000000000       0x30
 *(.ARM.attributes)
 .ARM.attributes
                0x0000000000000000       0x1e /opt/st/stm32cubeide_1.8.0/plugins/com.st.stm32cube.ide.mcu.externaltools.gnu-tools-for-stm32.9-2020-q2-update.linux64_2.0.0.202105311346/tools/bin/../lib/gcc/arm-none-eabi/9.3.1/thumb/v7e-m+fp/hard/crti.o
 .ARM.attributes
                0x000000000000001e       0x34 /opt/st/stm32cubeide_1.8.0/plugins/com.st.stm32cube.ide.mcu.externaltools.gnu-tools-for-stm32.9-2020-q2-update.linux64_2.0.0.202105311346/tools/bin/../lib/gcc/arm-none-eabi/9.3.1/thumb/v7e-m+fp/hard/crtbegin.o
 .ARM.attributes
                0x0000000000000052       0x34 ./Core/Src/barelangMain.o
 .ARM.attributes
                0x0000000000000086       0x34 ./Core/Src/barelangUDP.o
 .ARM.attributes
                0x00000000000000ba       0x34 ./Core/Src/main.o
 .ARM.attributes
                0x00000000000000ee       0x34 ./Core/Src/socket.o
 .ARM.attributes
                0x0000000000000122       0x34 ./Core/Src/stm32f4xx_hal_msp.o
 .ARM.attributes
                0x0000000000000156       0x34 ./Core/Src/stm32f4xx_it.o
 .ARM.attributes
                0x000000000000018a       0x34 ./Core/Src/syscalls.o
 .ARM.attributes
                0x00000000000001be       0x34 ./Core/Src/sysmem.o
 .ARM.attributes
                0x00000000000001f2       0x34 ./Core/Src/system_stm32f4xx.o
 .ARM.attributes
                0x0000000000000226       0x34 ./Core/Src/w5500.o
 .ARM.attributes
                0x000000000000025a       0x34 ./Core/Src/wizchip_conf.o
 .ARM.attributes
                0x000000000000028e       0x21 ./Core/Startup/startup_stm32f407vgtx.o
 .ARM.attributes
                0x00000000000002af       0x34 ./Drivers/STM32F4xx_HAL_Driver/Src/stm32f4xx_hal.o
 .ARM.attributes
                0x00000000000002e3       0x34 ./Drivers/STM32F4xx_HAL_Driver/Src/stm32f4xx_hal_adc.o
 .ARM.attributes
                0x0000000000000317       0x34 ./Drivers/STM32F4xx_HAL_Driver/Src/stm32f4xx_hal_cortex.o
 .ARM.attributes
                0x000000000000034b       0x34 ./Drivers/STM32F4xx_HAL_Driver/Src/stm32f4xx_hal_gpio.o
 .ARM.attributes
                0x000000000000037f       0x34 ./Drivers/STM32F4xx_HAL_Driver/Src/stm32f4xx_hal_rcc.o
 .ARM.attributes
                0x00000000000003b3       0x34 ./Drivers/STM32F4xx_HAL_Driver/Src/stm32f4xx_hal_spi.o
 .ARM.attributes
                0x00000000000003e7       0x34 ./Drivers/STM32F4xx_HAL_Driver/Src/stm32f4xx_hal_tim.o
 .ARM.attributes
                0x000000000000041b       0x34 ./Drivers/STM32F4xx_HAL_Driver/Src/stm32f4xx_hal_tim_ex.o
 .ARM.attributes
                0x000000000000044f       0x34 ./Drivers/STM32F4xx_HAL_Driver/Src/stm32f4xx_hal_uart.o
 .ARM.attributes
                0x0000000000000483       0x34 /opt/st/stm32cubeide_1.8.0/plugins/com.st.stm32cube.ide.mcu.externaltools.gnu-tools-for-stm32.9-2020-q2-update.linux64_2.0.0.202105311346/tools/bin/../lib/gcc/arm-none-eabi/9.3.1/../../../../arm-none-eabi/lib/thumb/v7e-m+fp/hard/libstdc++_nano.a(new_op.o)
 .ARM.attributes
                0x00000000000004b7       0x34 /opt/st/stm32cubeide_1.8.0/plugins/com.st.stm32cube.ide.mcu.externaltools.gnu-tools-for-stm32.9-2020-q2-update.linux64_2.0.0.202105311346/tools/bin/../lib/gcc/arm-none-eabi/9.3.1/../../../../arm-none-eabi/lib/thumb/v7e-m+fp/hard/libstdc++_nano.a(new_handler.o)
 .ARM.attributes
                0x00000000000004eb       0x34 /opt/st/stm32cubeide_1.8.0/plugins/com.st.stm32cube.ide.mcu.externaltools.gnu-tools-for-stm32.9-2020-q2-update.linux64_2.0.0.202105311346/tools/bin/../lib/gcc/arm-none-eabi/9.3.1/../../../../arm-none-eabi/lib/thumb/v7e-m+fp/hard/libc_nano.a(lib_a-abort.o)
 .ARM.attributes
                0x000000000000051f       0x34 /opt/st/stm32cubeide_1.8.0/plugins/com.st.stm32cube.ide.mcu.externaltools.gnu-tools-for-stm32.9-2020-q2-update.linux64_2.0.0.202105311346/tools/bin/../lib/gcc/arm-none-eabi/9.3.1/../../../../arm-none-eabi/lib/thumb/v7e-m+fp/hard/libc_nano.a(lib_a-errno.o)
 .ARM.attributes
                0x0000000000000553       0x32 /opt/st/stm32cubeide_1.8.0/plugins/com.st.stm32cube.ide.mcu.externaltools.gnu-tools-for-stm32.9-2020-q2-update.linux64_2.0.0.202105311346/tools/bin/../lib/gcc/arm-none-eabi/9.3.1/../../../../arm-none-eabi/lib/thumb/v7e-m+fp/hard/libc_nano.a(lib_a-impure.o)
 .ARM.attributes
                0x0000000000000585       0x34 /opt/st/stm32cubeide_1.8.0/plugins/com.st.stm32cube.ide.mcu.externaltools.gnu-tools-for-stm32.9-2020-q2-update.linux64_2.0.0.202105311346/tools/bin/../lib/gcc/arm-none-eabi/9.3.1/../../../../arm-none-eabi/lib/thumb/v7e-m+fp/hard/libc_nano.a(lib_a-init.o)
 .ARM.attributes
                0x00000000000005b9       0x34 /opt/st/stm32cubeide_1.8.0/plugins/com.st.stm32cube.ide.mcu.externaltools.gnu-tools-for-stm32.9-2020-q2-update.linux64_2.0.0.202105311346/tools/bin/../lib/gcc/arm-none-eabi/9.3.1/../../../../arm-none-eabi/lib/thumb/v7e-m+fp/hard/libc_nano.a(lib_a-malloc.o)
 .ARM.attributes
                0x00000000000005ed       0x34 /opt/st/stm32cubeide_1.8.0/plugins/com.st.stm32cube.ide.mcu.externaltools.gnu-tools-for-stm32.9-2020-q2-update.linux64_2.0.0.202105311346/tools/bin/../lib/gcc/arm-none-eabi/9.3.1/../../../../arm-none-eabi/lib/thumb/v7e-m+fp/hard/libc_nano.a(lib_a-memcpy-stub.o)
 .ARM.attributes
                0x0000000000000621       0x34 /opt/st/stm32cubeide_1.8.0/plugins/com.st.stm32cube.ide.mcu.externaltools.gnu-tools-for-stm32.9-2020-q2-update.linux64_2.0.0.202105311346/tools/bin/../lib/gcc/arm-none-eabi/9.3.1/../../../../arm-none-eabi/lib/thumb/v7e-m+fp/hard/libc_nano.a(lib_a-memset.o)
 .ARM.attributes
                0x0000000000000655       0x34 /opt/st/stm32cubeide_1.8.0/plugins/com.st.stm32cube.ide.mcu.externaltools.gnu-tools-for-stm32.9-2020-q2-update.linux64_2.0.0.202105311346/tools/bin/../lib/gcc/arm-none-eabi/9.3.1/../../../../arm-none-eabi/lib/thumb/v7e-m+fp/hard/libc_nano.a(lib_a-nano-mallocr.o)
 .ARM.attributes
                0x0000000000000689       0x34 /opt/st/stm32cubeide_1.8.0/plugins/com.st.stm32cube.ide.mcu.externaltools.gnu-tools-for-stm32.9-2020-q2-update.linux64_2.0.0.202105311346/tools/bin/../lib/gcc/arm-none-eabi/9.3.1/../../../../arm-none-eabi/lib/thumb/v7e-m+fp/hard/libc_nano.a(lib_a-sbrkr.o)
 .ARM.attributes
                0x00000000000006bd       0x34 /opt/st/stm32cubeide_1.8.0/plugins/com.st.stm32cube.ide.mcu.externaltools.gnu-tools-for-stm32.9-2020-q2-update.linux64_2.0.0.202105311346/tools/bin/../lib/gcc/arm-none-eabi/9.3.1/../../../../arm-none-eabi/lib/thumb/v7e-m+fp/hard/libc_nano.a(lib_a-signal.o)
 .ARM.attributes
                0x00000000000006f1       0x34 /opt/st/stm32cubeide_1.8.0/plugins/com.st.stm32cube.ide.mcu.externaltools.gnu-tools-for-stm32.9-2020-q2-update.linux64_2.0.0.202105311346/tools/bin/../lib/gcc/arm-none-eabi/9.3.1/../../../../arm-none-eabi/lib/thumb/v7e-m+fp/hard/libc_nano.a(lib_a-signalr.o)
 .ARM.attributes
                0x0000000000000725       0x34 /opt/st/stm32cubeide_1.8.0/plugins/com.st.stm32cube.ide.mcu.externaltools.gnu-tools-for-stm32.9-2020-q2-update.linux64_2.0.0.202105311346/tools/bin/../lib/gcc/arm-none-eabi/9.3.1/../../../../arm-none-eabi/lib/thumb/v7e-m+fp/hard/libc_nano.a(lib_a-mlock.o)
 .ARM.attributes
                0x0000000000000759       0x34 /opt/st/stm32cubeide_1.8.0/plugins/com.st.stm32cube.ide.mcu.externaltools.gnu-tools-for-stm32.9-2020-q2-update.linux64_2.0.0.202105311346/tools/bin/../lib/gcc/arm-none-eabi/9.3.1/../../../../arm-none-eabi/lib/thumb/v7e-m+fp/hard/libc_nano.a(lib_a-reent.o)
 .ARM.attributes
                0x000000000000078d       0x34 /opt/st/stm32cubeide_1.8.0/plugins/com.st.stm32cube.ide.mcu.externaltools.gnu-tools-for-stm32.9-2020-q2-update.linux64_2.0.0.202105311346/tools/bin/../lib/gcc/arm-none-eabi/9.3.1/../../../../arm-none-eabi/lib/thumb/v7e-m+fp/hard/libc_nano.a(lib_a-lock.o)
 .ARM.attributes
                0x00000000000007c1       0x1e /opt/st/stm32cubeide_1.8.0/plugins/com.st.stm32cube.ide.mcu.externaltools.gnu-tools-for-stm32.9-2020-q2-update.linux64_2.0.0.202105311346/tools/bin/../lib/gcc/arm-none-eabi/9.3.1/thumb/v7e-m+fp/hard/libgcc.a(_aeabi_uldivmod.o)
 .ARM.attributes
                0x00000000000007df       0x34 /opt/st/stm32cubeide_1.8.0/plugins/com.st.stm32cube.ide.mcu.externaltools.gnu-tools-for-stm32.9-2020-q2-update.linux64_2.0.0.202105311346/tools/bin/../lib/gcc/arm-none-eabi/9.3.1/thumb/v7e-m+fp/hard/libgcc.a(_udivmoddi4.o)
 .ARM.attributes
                0x0000000000000813       0x1e /opt/st/stm32cubeide_1.8.0/plugins/com.st.stm32cube.ide.mcu.externaltools.gnu-tools-for-stm32.9-2020-q2-update.linux64_2.0.0.202105311346/tools/bin/../lib/gcc/arm-none-eabi/9.3.1/thumb/v7e-m+fp/hard/libgcc.a(_dvmd_tls.o)
 .ARM.attributes
                0x0000000000000831       0x1e /opt/st/stm32cubeide_1.8.0/plugins/com.st.stm32cube.ide.mcu.externaltools.gnu-tools-for-stm32.9-2020-q2-update.linux64_2.0.0.202105311346/tools/bin/../lib/gcc/arm-none-eabi/9.3.1/thumb/v7e-m+fp/hard/crtn.o
OUTPUT(BARELANG63_STM32F4_ETHERNET.elf elf32-littlearm)
LOAD linker stubs
LOAD /opt/st/stm32cubeide_1.8.0/plugins/com.st.stm32cube.ide.mcu.externaltools.gnu-tools-for-stm32.9-2020-q2-update.linux64_2.0.0.202105311346/tools/bin/../lib/gcc/arm-none-eabi/9.3.1/../../../../arm-none-eabi/lib/thumb/v7e-m+fp/hard/libc.a
LOAD /opt/st/stm32cubeide_1.8.0/plugins/com.st.stm32cube.ide.mcu.externaltools.gnu-tools-for-stm32.9-2020-q2-update.linux64_2.0.0.202105311346/tools/bin/../lib/gcc/arm-none-eabi/9.3.1/../../../../arm-none-eabi/lib/thumb/v7e-m+fp/hard/libm.a
LOAD /opt/st/stm32cubeide_1.8.0/plugins/com.st.stm32cube.ide.mcu.externaltools.gnu-tools-for-stm32.9-2020-q2-update.linux64_2.0.0.202105311346/tools/bin/../lib/gcc/arm-none-eabi/9.3.1/thumb/v7e-m+fp/hard/libgcc.a

.debug_info     0x0000000000000000    0x166b5
 .debug_info    0x0000000000000000      0xfe8 ./Core/Src/barelangMain.o
 .debug_info    0x0000000000000fe8     0x1a62 ./Core/Src/barelangUDP.o
 .debug_info    0x0000000000002a4a     0x2044 ./Core/Src/main.o
 .debug_info    0x0000000000004a8e      0xc20 ./Core/Src/socket.o
 .debug_info    0x00000000000056ae     0x14d0 ./Core/Src/stm32f4xx_hal_msp.o
 .debug_info    0x0000000000006b7e      0x222 ./Core/Src/stm32f4xx_it.o
 .debug_info    0x0000000000006da0      0xfa8 ./Core/Src/syscalls.o
 .debug_info    0x0000000000007d48      0xa25 ./Core/Src/sysmem.o
 .debug_info    0x000000000000876d      0x5a4 ./Core/Src/system_stm32f4xx.o
 .debug_info    0x0000000000008d11      0x63f ./Core/Src/w5500.o
 .debug_info    0x0000000000009350      0xfc8 ./Core/Src/wizchip_conf.o
 .debug_info    0x000000000000a318       0x22 ./Core/Startup/startup_stm32f407vgtx.o
 .debug_info    0x000000000000a33a      0x9b2 ./Drivers/STM32F4xx_HAL_Driver/Src/stm32f4xx_hal.o
 .debug_info    0x000000000000acec      0xdbc ./Drivers/STM32F4xx_HAL_Driver/Src/stm32f4xx_hal_adc.o
 .debug_info    0x000000000000baa8      0xed7 ./Drivers/STM32F4xx_HAL_Driver/Src/stm32f4xx_hal_cortex.o
 .debug_info    0x000000000000c97f      0x83e ./Drivers/STM32F4xx_HAL_Driver/Src/stm32f4xx_hal_gpio.o
 .debug_info    0x000000000000d1bd      0x996 ./Drivers/STM32F4xx_HAL_Driver/Src/stm32f4xx_hal_rcc.o
 .debug_info    0x000000000000db53     0x17c0 ./Drivers/STM32F4xx_HAL_Driver/Src/stm32f4xx_hal_spi.o
 .debug_info    0x000000000000f313     0x2c22 ./Drivers/STM32F4xx_HAL_Driver/Src/stm32f4xx_hal_tim.o
 .debug_info    0x0000000000011f35     0x15a2 ./Drivers/STM32F4xx_HAL_Driver/Src/stm32f4xx_hal_tim_ex.o
 .debug_info    0x00000000000134d7     0x31de ./Drivers/STM32F4xx_HAL_Driver/Src/stm32f4xx_hal_uart.o

.debug_abbrev   0x0000000000000000     0x2ff4
 .debug_abbrev  0x0000000000000000      0x321 ./Core/Src/barelangMain.o
 .debug_abbrev  0x0000000000000321      0x3a5 ./Core/Src/barelangUDP.o
 .debug_abbrev  0x00000000000006c6      0x391 ./Core/Src/main.o
 .debug_abbrev  0x0000000000000a57      0x242 ./Core/Src/socket.o
 .debug_abbrev  0x0000000000000c99      0x235 ./Core/Src/stm32f4xx_hal_msp.o
 .debug_abbrev  0x0000000000000ece       0xd2 ./Core/Src/stm32f4xx_it.o
 .debug_abbrev  0x0000000000000fa0      0x286 ./Core/Src/syscalls.o
 .debug_abbrev  0x0000000000001226      0x1bf ./Core/Src/sysmem.o
 .debug_abbrev  0x00000000000013e5      0x145 ./Core/Src/system_stm32f4xx.o
 .debug_abbrev  0x000000000000152a      0x1fe ./Core/Src/w5500.o
 .debug_abbrev  0x0000000000001728      0x2df ./Core/Src/wizchip_conf.o
 .debug_abbrev  0x0000000000001a07       0x12 ./Core/Startup/startup_stm32f407vgtx.o
 .debug_abbrev  0x0000000000001a19      0x1ed ./Drivers/STM32F4xx_HAL_Driver/Src/stm32f4xx_hal.o
 .debug_abbrev  0x0000000000001c06      0x22f ./Drivers/STM32F4xx_HAL_Driver/Src/stm32f4xx_hal_adc.o
 .debug_abbrev  0x0000000000001e35      0x33c ./Drivers/STM32F4xx_HAL_Driver/Src/stm32f4xx_hal_cortex.o
 .debug_abbrev  0x0000000000002171      0x1f1 ./Drivers/STM32F4xx_HAL_Driver/Src/stm32f4xx_hal_gpio.o
 .debug_abbrev  0x0000000000002362      0x275 ./Drivers/STM32F4xx_HAL_Driver/Src/stm32f4xx_hal_rcc.o
 .debug_abbrev  0x00000000000025d7      0x26e ./Drivers/STM32F4xx_HAL_Driver/Src/stm32f4xx_hal_spi.o
 .debug_abbrev  0x0000000000002845      0x25e ./Drivers/STM32F4xx_HAL_Driver/Src/stm32f4xx_hal_tim.o
 .debug_abbrev  0x0000000000002aa3      0x266 ./Drivers/STM32F4xx_HAL_Driver/Src/stm32f4xx_hal_tim_ex.o
 .debug_abbrev  0x0000000000002d09      0x2eb ./Drivers/STM32F4xx_HAL_Driver/Src/stm32f4xx_hal_uart.o

.debug_aranges  0x0000000000000000     0x1240
 .debug_aranges
                0x0000000000000000       0x30 ./Core/Src/barelangMain.o
 .debug_aranges
                0x0000000000000030       0x80 ./Core/Src/barelangUDP.o
 .debug_aranges
                0x00000000000000b0       0x68 ./Core/Src/main.o
 .debug_aranges
                0x0000000000000118       0xa8 ./Core/Src/socket.o
 .debug_aranges
                0x00000000000001c0       0x68 ./Core/Src/stm32f4xx_hal_msp.o
 .debug_aranges
                0x0000000000000228       0x60 ./Core/Src/stm32f4xx_it.o
 .debug_aranges
                0x0000000000000288       0xa8 ./Core/Src/syscalls.o
 .debug_aranges
                0x0000000000000330       0x20 ./Core/Src/sysmem.o
 .debug_aranges
                0x0000000000000350       0x28 ./Core/Src/system_stm32f4xx.o
 .debug_aranges
                0x0000000000000378       0x60 ./Core/Src/w5500.o
 .debug_aranges
                0x00000000000003d8      0x168 ./Core/Src/wizchip_conf.o
 .debug_aranges
                0x0000000000000540       0x28 ./Core/Startup/startup_stm32f407vgtx.o
 .debug_aranges
                0x0000000000000568       0xf0 ./Drivers/STM32F4xx_HAL_Driver/Src/stm32f4xx_hal.o
 .debug_aranges
                0x0000000000000658       0xe8 ./Drivers/STM32F4xx_HAL_Driver/Src/stm32f4xx_hal_adc.o
 .debug_aranges
                0x0000000000000740      0x118 ./Drivers/STM32F4xx_HAL_Driver/Src/stm32f4xx_hal_cortex.o
 .debug_aranges
                0x0000000000000858       0x58 ./Drivers/STM32F4xx_HAL_Driver/Src/stm32f4xx_hal_gpio.o
 .debug_aranges
                0x00000000000008b0       0x88 ./Drivers/STM32F4xx_HAL_Driver/Src/stm32f4xx_hal_rcc.o
 .debug_aranges
                0x0000000000000938      0x1d0 ./Drivers/STM32F4xx_HAL_Driver/Src/stm32f4xx_hal_spi.o
 .debug_aranges
                0x0000000000000b08      0x3d0 ./Drivers/STM32F4xx_HAL_Driver/Src/stm32f4xx_hal_tim.o
 .debug_aranges
                0x0000000000000ed8      0x168 ./Drivers/STM32F4xx_HAL_Driver/Src/stm32f4xx_hal_tim_ex.o
 .debug_aranges
                0x0000000000001040      0x200 ./Drivers/STM32F4xx_HAL_Driver/Src/stm32f4xx_hal_uart.o

.debug_ranges   0x0000000000000000     0x1140
 .debug_ranges  0x0000000000000000       0x20 ./Core/Src/barelangMain.o
 .debug_ranges  0x0000000000000020       0x70 ./Core/Src/barelangUDP.o
 .debug_ranges  0x0000000000000090       0x58 ./Core/Src/main.o
 .debug_ranges  0x00000000000000e8       0xb0 ./Core/Src/socket.o
 .debug_ranges  0x0000000000000198       0x58 ./Core/Src/stm32f4xx_hal_msp.o
 .debug_ranges  0x00000000000001f0       0x50 ./Core/Src/stm32f4xx_it.o
 .debug_ranges  0x0000000000000240       0x98 ./Core/Src/syscalls.o
 .debug_ranges  0x00000000000002d8       0x10 ./Core/Src/sysmem.o
 .debug_ranges  0x00000000000002e8       0x18 ./Core/Src/system_stm32f4xx.o
 .debug_ranges  0x0000000000000300       0x50 ./Core/Src/w5500.o
 .debug_ranges  0x0000000000000350      0x158 ./Core/Src/wizchip_conf.o
 .debug_ranges  0x00000000000004a8       0x20 ./Core/Startup/startup_stm32f407vgtx.o
 .debug_ranges  0x00000000000004c8       0xe0 ./Drivers/STM32F4xx_HAL_Driver/Src/stm32f4xx_hal.o
 .debug_ranges  0x00000000000005a8       0xd8 ./Drivers/STM32F4xx_HAL_Driver/Src/stm32f4xx_hal_adc.o
 .debug_ranges  0x0000000000000680      0x108 ./Drivers/STM32F4xx_HAL_Driver/Src/stm32f4xx_hal_cortex.o
 .debug_ranges  0x0000000000000788       0x48 ./Drivers/STM32F4xx_HAL_Driver/Src/stm32f4xx_hal_gpio.o
 .debug_ranges  0x00000000000007d0       0x78 ./Drivers/STM32F4xx_HAL_Driver/Src/stm32f4xx_hal_rcc.o
 .debug_ranges  0x0000000000000848      0x1c0 ./Drivers/STM32F4xx_HAL_Driver/Src/stm32f4xx_hal_spi.o
 .debug_ranges  0x0000000000000a08      0x3c0 ./Drivers/STM32F4xx_HAL_Driver/Src/stm32f4xx_hal_tim.o
 .debug_ranges  0x0000000000000dc8      0x158 ./Drivers/STM32F4xx_HAL_Driver/Src/stm32f4xx_hal_tim_ex.o
 .debug_ranges  0x0000000000000f20      0x220 ./Drivers/STM32F4xx_HAL_Driver/Src/stm32f4xx_hal_uart.o

.debug_macro    0x0000000000000000    0x2678d
 .debug_macro   0x0000000000000000      0x26e ./Core/Src/barelangMain.o
 .debug_macro   0x000000000000026e      0xb80 ./Core/Src/barelangMain.o
 .debug_macro   0x0000000000000dee       0x1c ./Core/Src/barelangMain.o
 .debug_macro   0x0000000000000e0a       0x22 ./Core/Src/barelangMain.o
 .debug_macro   0x0000000000000e2c       0x8e ./Core/Src/barelangMain.o
 .debug_macro   0x0000000000000eba       0x51 ./Core/Src/barelangMain.o
 .debug_macro   0x0000000000000f0b      0x103 ./Core/Src/barelangMain.o
 .debug_macro   0x000000000000100e       0x6a ./Core/Src/barelangMain.o
 .debug_macro   0x0000000000001078      0x1df ./Core/Src/barelangMain.o
 .debug_macro   0x0000000000001257       0x8b ./Core/Src/barelangMain.o
 .debug_macro   0x00000000000012e2      0x5fc ./Core/Src/barelangMain.o
 .debug_macro   0x00000000000018de       0x66 ./Core/Src/barelangMain.o
 .debug_macro   0x0000000000001944      0x180 ./Core/Src/barelangMain.o
 .debug_macro   0x0000000000001ac4      0x2a7 ./Core/Src/barelangMain.o
 .debug_macro   0x0000000000001d6b       0x2e ./Core/Src/barelangMain.o
 .debug_macro   0x0000000000001d99       0x2f ./Core/Src/barelangMain.o
 .debug_macro   0x0000000000001dc8       0x1c ./Core/Src/barelangMain.o
 .debug_macro   0x0000000000001de4       0x22 ./Core/Src/barelangMain.o
 .debug_macro   0x0000000000001e06       0xdf ./Core/Src/barelangMain.o
 .debug_macro   0x0000000000001ee5     0x102d ./Core/Src/barelangMain.o
 .debug_macro   0x0000000000002f12      0x11f ./Core/Src/barelangMain.o
 .debug_macro   0x0000000000003031    0x15e58 ./Core/Src/barelangMain.o
 .debug_macro   0x0000000000018e89       0x6d ./Core/Src/barelangMain.o
 .debug_macro   0x0000000000018ef6     0x3666 ./Core/Src/barelangMain.o
 .debug_macro   0x000000000001c55c      0x17b ./Core/Src/barelangMain.o
 .debug_macro   0x000000000001c6d7       0x5c ./Core/Src/barelangMain.o
 .debug_macro   0x000000000001c733      0x96b ./Core/Src/barelangMain.o
 .debug_macro   0x000000000001d09e      0x9fe ./Core/Src/barelangMain.o
 .debug_macro   0x000000000001da9c      0x116 ./Core/Src/barelangMain.o
 .debug_macro   0x000000000001dbb2      0x13e ./Core/Src/barelangMain.o
 .debug_macro   0x000000000001dcf0       0xa5 ./Core/Src/barelangMain.o
 .debug_macro   0x000000000001dd95      0x174 ./Core/Src/barelangMain.o
 .debug_macro   0x000000000001df09      0x287 ./Core/Src/barelangMain.o
 .debug_macro   0x000000000001e190       0x5f ./Core/Src/barelangMain.o
 .debug_macro   0x000000000001e1ef      0x236 ./Core/Src/barelangMain.o
 .debug_macro   0x000000000001e425      0xb5b ./Core/Src/barelangMain.o
 .debug_macro   0x000000000001ef80      0x38b ./Core/Src/barelangMain.o
 .debug_macro   0x000000000001f30b      0x176 ./Core/Src/barelangMain.o
 .debug_macro   0x000000000001f481       0xf9 ./Core/Src/barelangMain.o
 .debug_macro   0x000000000001f57a      0x12c ./Core/Src/barelangMain.o
 .debug_macro   0x000000000001f6a6      0x21e ./Core/Src/barelangMain.o
 .debug_macro   0x000000000001f8c4       0x2e ./Core/Src/barelangMain.o
 .debug_macro   0x000000000001f8f2      0x11a ./Core/Src/barelangMain.o
 .debug_macro   0x000000000001fa0c       0x7e ./Core/Src/barelangMain.o
 .debug_macro   0x000000000001fa8a       0x89 ./Core/Src/barelangMain.o
 .debug_macro   0x000000000001fb13      0x225 ./Core/Src/barelangMain.o
 .debug_macro   0x000000000001fd38      0x8d1 ./Core/Src/barelangMain.o
 .debug_macro   0x0000000000020609       0x47 ./Core/Src/barelangMain.o
 .debug_macro   0x0000000000020650      0x295 ./Core/Src/barelangMain.o
 .debug_macro   0x00000000000208e5      0x12d ./Core/Src/barelangMain.o
 .debug_macro   0x0000000000020a12      0x3a4 ./Core/Src/barelangMain.o
 .debug_macro   0x0000000000020db6       0x22 ./Core/Src/barelangMain.o
 .debug_macro   0x0000000000020dd8      0x332 ./Core/Src/barelangUDP.o
 .debug_macro   0x000000000002110a       0x52 ./Core/Src/barelangUDP.o
 .debug_macro   0x000000000002115c       0x18 ./Core/Src/barelangUDP.o
 .debug_macro   0x0000000000021174       0x3c ./Core/Src/barelangUDP.o
 .debug_macro   0x00000000000211b0       0x34 ./Core/Src/barelangUDP.o
 .debug_macro   0x00000000000211e4       0x16 ./Core/Src/barelangUDP.o
 .debug_macro   0x00000000000211fa       0x43 ./Core/Src/barelangUDP.o
 .debug_macro   0x000000000002123d       0x34 ./Core/Src/barelangUDP.o
 .debug_macro   0x0000000000021271       0x10 ./Core/Src/barelangUDP.o
 .debug_macro   0x0000000000021281       0x58 ./Core/Src/barelangUDP.o
 .debug_macro   0x00000000000212d9       0x71 ./Core/Src/barelangUDP.o
 .debug_macro   0x000000000002134a       0x16 ./Core/Src/barelangUDP.o
 .debug_macro   0x0000000000021360      0x12a ./Core/Src/barelangUDP.o
 .debug_macro   0x000000000002148a      0x356 ./Core/Src/barelangUDP.o
 .debug_macro   0x00000000000217e0       0x10 ./Core/Src/barelangUDP.o
 .debug_macro   0x00000000000217f0       0x35 ./Core/Src/barelangUDP.o
 .debug_macro   0x0000000000021825       0x20 ./Core/Src/barelangUDP.o
 .debug_macro   0x0000000000021845      0x26c ./Core/Src/main.o
 .debug_macro   0x0000000000021ab1       0x91 ./Core/Src/main.o
 .debug_macro   0x0000000000021b42       0xf6 ./Core/Src/socket.o
 .debug_macro   0x0000000000021c38      0xaa8 ./Core/Src/socket.o
 .debug_macro   0x00000000000226e0      0x20f ./Core/Src/stm32f4xx_hal_msp.o
 .debug_macro   0x00000000000228ef     0x102d ./Core/Src/stm32f4xx_hal_msp.o
 .debug_macro   0x000000000002391c      0x174 ./Core/Src/stm32f4xx_hal_msp.o
 .debug_macro   0x0000000000023a90      0x219 ./Core/Src/stm32f4xx_it.o
 .debug_macro   0x0000000000023ca9      0x24c ./Core/Src/syscalls.o
 .debug_macro   0x0000000000023ef5       0x4c ./Core/Src/syscalls.o
 .debug_macro   0x0000000000023f41       0x94 ./Core/Src/syscalls.o
 .debug_macro   0x0000000000023fd5       0x34 ./Core/Src/syscalls.o
 .debug_macro   0x0000000000024009       0x57 ./Core/Src/syscalls.o
 .debug_macro   0x0000000000024060      0x339 ./Core/Src/syscalls.o
 .debug_macro   0x0000000000024399       0x43 ./Core/Src/syscalls.o
 .debug_macro   0x00000000000243dc       0x1c ./Core/Src/syscalls.o
 .debug_macro   0x00000000000243f8       0x10 ./Core/Src/syscalls.o
 .debug_macro   0x0000000000024408       0x35 ./Core/Src/syscalls.o
 .debug_macro   0x000000000002443d       0x10 ./Core/Src/syscalls.o
 .debug_macro   0x000000000002444d       0x10 ./Core/Src/syscalls.o
 .debug_macro   0x000000000002445d       0x10 ./Core/Src/syscalls.o
 .debug_macro   0x000000000002446d       0x1c ./Core/Src/syscalls.o
 .debug_macro   0x0000000000024489       0x52 ./Core/Src/syscalls.o
 .debug_macro   0x00000000000244db       0x22 ./Core/Src/syscalls.o
 .debug_macro   0x00000000000244fd       0x10 ./Core/Src/syscalls.o
 .debug_macro   0x000000000002450d       0x40 ./Core/Src/syscalls.o
 .debug_macro   0x000000000002454d       0xd5 ./Core/Src/syscalls.o
 .debug_macro   0x0000000000024622       0x1c ./Core/Src/syscalls.o
 .debug_macro   0x000000000002463e       0x3d ./Core/Src/syscalls.o
 .debug_macro   0x000000000002467b       0x35 ./Core/Src/syscalls.o
 .debug_macro   0x00000000000246b0      0x12c ./Core/Src/syscalls.o
 .debug_macro   0x00000000000247dc       0x16 ./Core/Src/syscalls.o
 .debug_macro   0x00000000000247f2       0x16 ./Core/Src/syscalls.o
 .debug_macro   0x0000000000024808       0x29 ./Core/Src/syscalls.o
 .debug_macro   0x0000000000024831       0x10 ./Core/Src/syscalls.o
 .debug_macro   0x0000000000024841      0x241 ./Core/Src/syscalls.o
 .debug_macro   0x0000000000024a82       0x1c ./Core/Src/syscalls.o
 .debug_macro   0x0000000000024a9e       0x10 ./Core/Src/syscalls.o
 .debug_macro   0x0000000000024aae       0x10 ./Core/Src/syscalls.o
 .debug_macro   0x0000000000024abe       0x16 ./Core/Src/syscalls.o
 .debug_macro   0x0000000000024ad4      0x145 ./Core/Src/syscalls.o
 .debug_macro   0x0000000000024c19      0x189 ./Core/Src/syscalls.o
 .debug_macro   0x0000000000024da2       0x16 ./Core/Src/syscalls.o
 .debug_macro   0x0000000000024db8       0xce ./Core/Src/syscalls.o
 .debug_macro   0x0000000000024e86       0xff ./Core/Src/sysmem.o
 .debug_macro   0x0000000000024f85      0x23b ./Core/Src/sysmem.o
 .debug_macro   0x00000000000251c0      0x200 ./Core/Src/system_stm32f4xx.o
 .debug_macro   0x00000000000253c0       0x9d ./Core/Src/w5500.o
 .debug_macro   0x000000000002545d       0x94 ./Core/Src/wizchip_conf.o
 .debug_macro   0x00000000000254f1      0x260 ./Drivers/STM32F4xx_HAL_Driver/Src/stm32f4xx_hal.o
 .debug_macro   0x0000000000025751      0x201 ./Drivers/STM32F4xx_HAL_Driver/Src/stm32f4xx_hal_adc.o
 .debug_macro   0x0000000000025952      0x200 ./Drivers/STM32F4xx_HAL_Driver/Src/stm32f4xx_hal_cortex.o
 .debug_macro   0x0000000000025b52      0x206 ./Drivers/STM32F4xx_HAL_Driver/Src/stm32f4xx_hal_gpio.o
 .debug_macro   0x0000000000025d58      0x224 ./Drivers/STM32F4xx_HAL_Driver/Src/stm32f4xx_hal_rcc.o
 .debug_macro   0x0000000000025f7c      0x20f ./Drivers/STM32F4xx_HAL_Driver/Src/stm32f4xx_hal_spi.o
 .debug_macro   0x000000000002618b      0x201 ./Drivers/STM32F4xx_HAL_Driver/Src/stm32f4xx_hal_tim.o
 .debug_macro   0x000000000002638c      0x200 ./Drivers/STM32F4xx_HAL_Driver/Src/stm32f4xx_hal_tim_ex.o
 .debug_macro   0x000000000002658c      0x201 ./Drivers/STM32F4xx_HAL_Driver/Src/stm32f4xx_hal_uart.o

.debug_line     0x0000000000000000    0x13dfa
 .debug_line    0x0000000000000000      0x7b0 ./Core/Src/barelangMain.o
 .debug_line    0x00000000000007b0      0xa65 ./Core/Src/barelangUDP.o
 .debug_line    0x0000000000001215      0xba6 ./Core/Src/main.o
 .debug_line    0x0000000000001dbb      0xe78 ./Core/Src/socket.o
 .debug_line    0x0000000000002c33      0x8d9 ./Core/Src/stm32f4xx_hal_msp.o
 .debug_line    0x000000000000350c      0x7c3 ./Core/Src/stm32f4xx_it.o
 .debug_line    0x0000000000003ccf      0x7d5 ./Core/Src/syscalls.o
 .debug_line    0x00000000000044a4      0x4cb ./Core/Src/sysmem.o
 .debug_line    0x000000000000496f      0x782 ./Core/Src/system_stm32f4xx.o
 .debug_line    0x00000000000050f1      0x6b2 ./Core/Src/w5500.o
 .debug_line    0x00000000000057a3      0xc7c ./Core/Src/wizchip_conf.o
 .debug_line    0x000000000000641f       0x88 ./Core/Startup/startup_stm32f407vgtx.o
 .debug_line    0x00000000000064a7      0x9e8 ./Drivers/STM32F4xx_HAL_Driver/Src/stm32f4xx_hal.o
 .debug_line    0x0000000000006e8f     0x1272 ./Drivers/STM32F4xx_HAL_Driver/Src/stm32f4xx_hal_adc.o
 .debug_line    0x0000000000008101      0xc97 ./Drivers/STM32F4xx_HAL_Driver/Src/stm32f4xx_hal_cortex.o
 .debug_line    0x0000000000008d98      0xb5e ./Drivers/STM32F4xx_HAL_Driver/Src/stm32f4xx_hal_gpio.o
 .debug_line    0x00000000000098f6      0xd64 ./Drivers/STM32F4xx_HAL_Driver/Src/stm32f4xx_hal_rcc.o
 .debug_line    0x000000000000a65a     0x1c70 ./Drivers/STM32F4xx_HAL_Driver/Src/stm32f4xx_hal_spi.o
 .debug_line    0x000000000000c2ca     0x36dc ./Drivers/STM32F4xx_HAL_Driver/Src/stm32f4xx_hal_tim.o
 .debug_line    0x000000000000f9a6     0x19e5 ./Drivers/STM32F4xx_HAL_Driver/Src/stm32f4xx_hal_tim_ex.o
 .debug_line    0x000000000001138b     0x2a6f ./Drivers/STM32F4xx_HAL_Driver/Src/stm32f4xx_hal_uart.o

.debug_str      0x0000000000000000    0xe060b
 .debug_str     0x0000000000000000    0xd5dee ./Core/Src/barelangMain.o
                                      0xd626f (size before relaxing)
 .debug_str     0x00000000000d5dee     0x326a ./Core/Src/barelangUDP.o
                                      0xd94db (size before relaxing)
 .debug_str     0x00000000000d9058      0xa32 ./Core/Src/main.o
                                      0xd6f45 (size before relaxing)
 .debug_str     0x00000000000d9a8a      0x718 ./Core/Src/socket.o
                                       0x786e (size before relaxing)
 .debug_str     0x00000000000da1a2      0x117 ./Core/Src/stm32f4xx_hal_msp.o
                                      0xd2935 (size before relaxing)
 .debug_str     0x00000000000da2b9       0xbd ./Core/Src/stm32f4xx_it.o
                                      0xd1d7a (size before relaxing)
 .debug_str     0x00000000000da376     0x2765 ./Core/Src/syscalls.o
                                       0x8edc (size before relaxing)
 .debug_str     0x00000000000dcadb       0x6b ./Core/Src/sysmem.o
                                       0x62af (size before relaxing)
 .debug_str     0x00000000000dcb46       0xaf ./Core/Src/system_stm32f4xx.o
                                      0xd11b0 (size before relaxing)
 .debug_str     0x00000000000dcbf5      0x132 ./Core/Src/w5500.o
                                       0x6b75 (size before relaxing)
 .debug_str     0x00000000000dcd27      0x71e ./Core/Src/wizchip_conf.o
                                       0x7513 (size before relaxing)
 .debug_str     0x00000000000dd445       0x36 ./Core/Startup/startup_stm32f407vgtx.o
                                         0x80 (size before relaxing)
 .debug_str     0x00000000000dd47b      0xa3d ./Drivers/STM32F4xx_HAL_Driver/Src/stm32f4xx_hal.o
                                      0xd1c92 (size before relaxing)
 .debug_str     0x00000000000ddeb8      0x29d ./Drivers/STM32F4xx_HAL_Driver/Src/stm32f4xx_hal_adc.o
                                      0xd175c (size before relaxing)
 .debug_str     0x00000000000de155      0x392 ./Drivers/STM32F4xx_HAL_Driver/Src/stm32f4xx_hal_cortex.o
                                      0xd1a81 (size before relaxing)
 .debug_str     0x00000000000de4e7      0x151 ./Drivers/STM32F4xx_HAL_Driver/Src/stm32f4xx_hal_gpio.o
                                      0xd1357 (size before relaxing)
 .debug_str     0x00000000000de638      0x24e ./Drivers/STM32F4xx_HAL_Driver/Src/stm32f4xx_hal_rcc.o
                                      0xd15b2 (size before relaxing)
 .debug_str     0x00000000000de886      0x574 ./Drivers/STM32F4xx_HAL_Driver/Src/stm32f4xx_hal_spi.o
                                      0xd1a54 (size before relaxing)
 .debug_str     0x00000000000dedfa      0xdc7 ./Drivers/STM32F4xx_HAL_Driver/Src/stm32f4xx_hal_tim.o
                                      0xd24df (size before relaxing)
 .debug_str     0x00000000000dfbc1      0x45a ./Drivers/STM32F4xx_HAL_Driver/Src/stm32f4xx_hal_tim_ex.o
                                      0xd1c90 (size before relaxing)
 .debug_str     0x00000000000e001b      0x5f0 ./Drivers/STM32F4xx_HAL_Driver/Src/stm32f4xx_hal_uart.o
                                      0xd1b38 (size before relaxing)

.comment        0x0000000000000000       0x53
 .comment       0x0000000000000000       0x53 ./Core/Src/barelangMain.o
                                         0x54 (size before relaxing)
 .comment       0x0000000000000053       0x54 ./Core/Src/barelangUDP.o
 .comment       0x0000000000000053       0x54 ./Core/Src/main.o
 .comment       0x0000000000000053       0x54 ./Core/Src/socket.o
 .comment       0x0000000000000053       0x54 ./Core/Src/stm32f4xx_hal_msp.o
 .comment       0x0000000000000053       0x54 ./Core/Src/stm32f4xx_it.o
 .comment       0x0000000000000053       0x54 ./Core/Src/syscalls.o
 .comment       0x0000000000000053       0x54 ./Core/Src/sysmem.o
 .comment       0x0000000000000053       0x54 ./Core/Src/system_stm32f4xx.o
 .comment       0x0000000000000053       0x54 ./Core/Src/w5500.o
 .comment       0x0000000000000053       0x54 ./Core/Src/wizchip_conf.o
 .comment       0x0000000000000053       0x54 ./Drivers/STM32F4xx_HAL_Driver/Src/stm32f4xx_hal.o
 .comment       0x0000000000000053       0x54 ./Drivers/STM32F4xx_HAL_Driver/Src/stm32f4xx_hal_adc.o
 .comment       0x0000000000000053       0x54 ./Drivers/STM32F4xx_HAL_Driver/Src/stm32f4xx_hal_cortex.o
 .comment       0x0000000000000053       0x54 ./Drivers/STM32F4xx_HAL_Driver/Src/stm32f4xx_hal_gpio.o
 .comment       0x0000000000000053       0x54 ./Drivers/STM32F4xx_HAL_Driver/Src/stm32f4xx_hal_rcc.o
 .comment       0x0000000000000053       0x54 ./Drivers/STM32F4xx_HAL_Driver/Src/stm32f4xx_hal_spi.o
 .comment       0x0000000000000053       0x54 ./Drivers/STM32F4xx_HAL_Driver/Src/stm32f4xx_hal_tim.o
 .comment       0x0000000000000053       0x54 ./Drivers/STM32F4xx_HAL_Driver/Src/stm32f4xx_hal_tim_ex.o
 .comment       0x0000000000000053       0x54 ./Drivers/STM32F4xx_HAL_Driver/Src/stm32f4xx_hal_uart.o

.debug_frame    0x0000000000000000     0x507c
 .debug_frame   0x0000000000000000       0x80 ./Core/Src/barelangMain.o
 .debug_frame   0x0000000000000080      0x1d8 ./Core/Src/barelangUDP.o
 .debug_frame   0x0000000000000258      0x15c ./Core/Src/main.o
 .debug_frame   0x00000000000003b4      0x2b0 ./Core/Src/socket.o
 .debug_frame   0x0000000000000664      0x180 ./Core/Src/stm32f4xx_hal_msp.o
 .debug_frame   0x00000000000007e4      0x104 ./Core/Src/stm32f4xx_it.o
 .debug_frame   0x00000000000008e8      0x2ac ./Core/Src/syscalls.o
 .debug_frame   0x0000000000000b94       0x34 ./Core/Src/sysmem.o
 .debug_frame   0x0000000000000bc8       0x58 ./Core/Src/system_stm32f4xx.o
 .debug_frame   0x0000000000000c20      0x16c ./Core/Src/w5500.o
 .debug_frame   0x0000000000000d8c      0x61c ./Core/Src/wizchip_conf.o
 .debug_frame   0x00000000000013a8      0x374 ./Drivers/STM32F4xx_HAL_Driver/Src/stm32f4xx_hal.o
 .debug_frame   0x000000000000171c      0x3fc ./Drivers/STM32F4xx_HAL_Driver/Src/stm32f4xx_hal_adc.o
 .debug_frame   0x0000000000001b18      0x498 ./Drivers/STM32F4xx_HAL_Driver/Src/stm32f4xx_hal_cortex.o
 .debug_frame   0x0000000000001fb0      0x14c ./Drivers/STM32F4xx_HAL_Driver/Src/stm32f4xx_hal_gpio.o
 .debug_frame   0x00000000000020fc      0x1f0 ./Drivers/STM32F4xx_HAL_Driver/Src/stm32f4xx_hal_rcc.o
 .debug_frame   0x00000000000022ec      0x824 ./Drivers/STM32F4xx_HAL_Driver/Src/stm32f4xx_hal_spi.o
 .debug_frame   0x0000000000002b10     0x11c4 ./Drivers/STM32F4xx_HAL_Driver/Src/stm32f4xx_hal_tim.o
 .debug_frame   0x0000000000003cd4      0x638 ./Drivers/STM32F4xx_HAL_Driver/Src/stm32f4xx_hal_tim_ex.o
 .debug_frame   0x000000000000430c      0x92c ./Drivers/STM32F4xx_HAL_Driver/Src/stm32f4xx_hal_uart.o
 .debug_frame   0x0000000000004c38       0x28 /opt/st/stm32cubeide_1.8.0/plugins/com.st.stm32cube.ide.mcu.externaltools.gnu-tools-for-stm32.9-2020-q2-update.linux64_2.0.0.202105311346/tools/bin/../lib/gcc/arm-none-eabi/9.3.1/../../../../arm-none-eabi/lib/thumb/v7e-m+fp/hard/libstdc++_nano.a(new_op.o)
 .debug_frame   0x0000000000004c60       0x30 /opt/st/stm32cubeide_1.8.0/plugins/com.st.stm32cube.ide.mcu.externaltools.gnu-tools-for-stm32.9-2020-q2-update.linux64_2.0.0.202105311346/tools/bin/../lib/gcc/arm-none-eabi/9.3.1/../../../../arm-none-eabi/lib/thumb/v7e-m+fp/hard/libstdc++_nano.a(new_handler.o)
 .debug_frame   0x0000000000004c90       0x28 /opt/st/stm32cubeide_1.8.0/plugins/com.st.stm32cube.ide.mcu.externaltools.gnu-tools-for-stm32.9-2020-q2-update.linux64_2.0.0.202105311346/tools/bin/../lib/gcc/arm-none-eabi/9.3.1/../../../../arm-none-eabi/lib/thumb/v7e-m+fp/hard/libc_nano.a(lib_a-abort.o)
 .debug_frame   0x0000000000004cb8       0x20 /opt/st/stm32cubeide_1.8.0/plugins/com.st.stm32cube.ide.mcu.externaltools.gnu-tools-for-stm32.9-2020-q2-update.linux64_2.0.0.202105311346/tools/bin/../lib/gcc/arm-none-eabi/9.3.1/../../../../arm-none-eabi/lib/thumb/v7e-m+fp/hard/libc_nano.a(lib_a-errno.o)
 .debug_frame   0x0000000000004cd8       0x2c /opt/st/stm32cubeide_1.8.0/plugins/com.st.stm32cube.ide.mcu.externaltools.gnu-tools-for-stm32.9-2020-q2-update.linux64_2.0.0.202105311346/tools/bin/../lib/gcc/arm-none-eabi/9.3.1/../../../../arm-none-eabi/lib/thumb/v7e-m+fp/hard/libc_nano.a(lib_a-init.o)
 .debug_frame   0x0000000000004d04       0x30 /opt/st/stm32cubeide_1.8.0/plugins/com.st.stm32cube.ide.mcu.externaltools.gnu-tools-for-stm32.9-2020-q2-update.linux64_2.0.0.202105311346/tools/bin/../lib/gcc/arm-none-eabi/9.3.1/../../../../arm-none-eabi/lib/thumb/v7e-m+fp/hard/libc_nano.a(lib_a-malloc.o)
 .debug_frame   0x0000000000004d34       0x28 /opt/st/stm32cubeide_1.8.0/plugins/com.st.stm32cube.ide.mcu.externaltools.gnu-tools-for-stm32.9-2020-q2-update.linux64_2.0.0.202105311346/tools/bin/../lib/gcc/arm-none-eabi/9.3.1/../../../../arm-none-eabi/lib/thumb/v7e-m+fp/hard/libc_nano.a(lib_a-memcpy-stub.o)
 .debug_frame   0x0000000000004d5c       0x20 /opt/st/stm32cubeide_1.8.0/plugins/com.st.stm32cube.ide.mcu.externaltools.gnu-tools-for-stm32.9-2020-q2-update.linux64_2.0.0.202105311346/tools/bin/../lib/gcc/arm-none-eabi/9.3.1/../../../../arm-none-eabi/lib/thumb/v7e-m+fp/hard/libc_nano.a(lib_a-memset.o)
 .debug_frame   0x0000000000004d7c       0x30 /opt/st/stm32cubeide_1.8.0/plugins/com.st.stm32cube.ide.mcu.externaltools.gnu-tools-for-stm32.9-2020-q2-update.linux64_2.0.0.202105311346/tools/bin/../lib/gcc/arm-none-eabi/9.3.1/../../../../arm-none-eabi/lib/thumb/v7e-m+fp/hard/libc_nano.a(lib_a-nano-mallocr.o)
 .debug_frame   0x0000000000004dac       0x2c /opt/st/stm32cubeide_1.8.0/plugins/com.st.stm32cube.ide.mcu.externaltools.gnu-tools-for-stm32.9-2020-q2-update.linux64_2.0.0.202105311346/tools/bin/../lib/gcc/arm-none-eabi/9.3.1/../../../../arm-none-eabi/lib/thumb/v7e-m+fp/hard/libc_nano.a(lib_a-sbrkr.o)
 .debug_frame   0x0000000000004dd8       0xcc /opt/st/stm32cubeide_1.8.0/plugins/com.st.stm32cube.ide.mcu.externaltools.gnu-tools-for-stm32.9-2020-q2-update.linux64_2.0.0.202105311346/tools/bin/../lib/gcc/arm-none-eabi/9.3.1/../../../../arm-none-eabi/lib/thumb/v7e-m+fp/hard/libc_nano.a(lib_a-signal.o)
 .debug_frame   0x0000000000004ea4       0x3c /opt/st/stm32cubeide_1.8.0/plugins/com.st.stm32cube.ide.mcu.externaltools.gnu-tools-for-stm32.9-2020-q2-update.linux64_2.0.0.202105311346/tools/bin/../lib/gcc/arm-none-eabi/9.3.1/../../../../arm-none-eabi/lib/thumb/v7e-m+fp/hard/libc_nano.a(lib_a-signalr.o)
 .debug_frame   0x0000000000004ee0       0x30 /opt/st/stm32cubeide_1.8.0/plugins/com.st.stm32cube.ide.mcu.externaltools.gnu-tools-for-stm32.9-2020-q2-update.linux64_2.0.0.202105311346/tools/bin/../lib/gcc/arm-none-eabi/9.3.1/../../../../arm-none-eabi/lib/thumb/v7e-m+fp/hard/libc_nano.a(lib_a-mlock.o)
 .debug_frame   0x0000000000004f10       0x5c /opt/st/stm32cubeide_1.8.0/plugins/com.st.stm32cube.ide.mcu.externaltools.gnu-tools-for-stm32.9-2020-q2-update.linux64_2.0.0.202105311346/tools/bin/../lib/gcc/arm-none-eabi/9.3.1/../../../../arm-none-eabi/lib/thumb/v7e-m+fp/hard/libc_nano.a(lib_a-reent.o)
 .debug_frame   0x0000000000004f6c       0xb0 /opt/st/stm32cubeide_1.8.0/plugins/com.st.stm32cube.ide.mcu.externaltools.gnu-tools-for-stm32.9-2020-q2-update.linux64_2.0.0.202105311346/tools/bin/../lib/gcc/arm-none-eabi/9.3.1/../../../../arm-none-eabi/lib/thumb/v7e-m+fp/hard/libc_nano.a(lib_a-lock.o)